Archive member included to satisfy reference by file (symbol)

D:/STM32CUBEIDE/STM32CubeIDE_1.16.0/STM32CubeIDE/plugins/com.st.stm32cube.ide.mcu.externaltools.gnu-tools-for-stm32.12.3.rel1.win32_1.0.200.202406191623/tools/bin/../lib/gcc/arm-none-eabi/12.3.1/../../../../arm-none-eabi/lib/thumb/v7e-m+fp/hard\libc_nano.a(libc_a-exit.o)
                              D:/STM32CUBEIDE/STM32CubeIDE_1.16.0/STM32CubeIDE/plugins/com.st.stm32cube.ide.mcu.externaltools.gnu-tools-for-stm32.12.3.rel1.win32_1.0.200.202406191623/tools/bin/../lib/gcc/arm-none-eabi/12.3.1/../../../../arm-none-eabi/lib/thumb/v7e-m+fp/hard/crt0.o (exit)
D:/STM32CUBEIDE/STM32CubeIDE_1.16.0/STM32CubeIDE/plugins/com.st.stm32cube.ide.mcu.externaltools.gnu-tools-for-stm32.12.3.rel1.win32_1.0.200.202406191623/tools/bin/../lib/gcc/arm-none-eabi/12.3.1/../../../../arm-none-eabi/lib/thumb/v7e-m+fp/hard\libc_nano.a(libc_a-findfp.o)
                              D:/STM32CUBEIDE/STM32CubeIDE_1.16.0/STM32CubeIDE/plugins/com.st.stm32cube.ide.mcu.externaltools.gnu-tools-for-stm32.12.3.rel1.win32_1.0.200.202406191623/tools/bin/../lib/gcc/arm-none-eabi/12.3.1/../../../../arm-none-eabi/lib/thumb/v7e-m+fp/hard\libc_nano.a(libc_a-exit.o) (__stdio_exit_handler)
D:/STM32CUBEIDE/STM32CubeIDE_1.16.0/STM32CubeIDE/plugins/com.st.stm32cube.ide.mcu.externaltools.gnu-tools-for-stm32.12.3.rel1.win32_1.0.200.202406191623/tools/bin/../lib/gcc/arm-none-eabi/12.3.1/../../../../arm-none-eabi/lib/thumb/v7e-m+fp/hard\libc_nano.a(libc_a-fwalk.o)
                              D:/STM32CUBEIDE/STM32CubeIDE_1.16.0/STM32CubeIDE/plugins/com.st.stm32cube.ide.mcu.externaltools.gnu-tools-for-stm32.12.3.rel1.win32_1.0.200.202406191623/tools/bin/../lib/gcc/arm-none-eabi/12.3.1/../../../../arm-none-eabi/lib/thumb/v7e-m+fp/hard\libc_nano.a(libc_a-findfp.o) (_fwalk_sglue)
D:/STM32CUBEIDE/STM32CubeIDE_1.16.0/STM32CubeIDE/plugins/com.st.stm32cube.ide.mcu.externaltools.gnu-tools-for-stm32.12.3.rel1.win32_1.0.200.202406191623/tools/bin/../lib/gcc/arm-none-eabi/12.3.1/../../../../arm-none-eabi/lib/thumb/v7e-m+fp/hard\libc_nano.a(libc_a-stdio.o)
                              D:/STM32CUBEIDE/STM32CubeIDE_1.16.0/STM32CubeIDE/plugins/com.st.stm32cube.ide.mcu.externaltools.gnu-tools-for-stm32.12.3.rel1.win32_1.0.200.202406191623/tools/bin/../lib/gcc/arm-none-eabi/12.3.1/../../../../arm-none-eabi/lib/thumb/v7e-m+fp/hard\libc_nano.a(libc_a-findfp.o) (__sread)
D:/STM32CUBEIDE/STM32CubeIDE_1.16.0/STM32CubeIDE/plugins/com.st.stm32cube.ide.mcu.externaltools.gnu-tools-for-stm32.12.3.rel1.win32_1.0.200.202406191623/tools/bin/../lib/gcc/arm-none-eabi/12.3.1/../../../../arm-none-eabi/lib/thumb/v7e-m+fp/hard\libc_nano.a(libc_a-memset.o)
                              D:/STM32CUBEIDE/STM32CubeIDE_1.16.0/STM32CubeIDE/plugins/com.st.stm32cube.ide.mcu.externaltools.gnu-tools-for-stm32.12.3.rel1.win32_1.0.200.202406191623/tools/bin/../lib/gcc/arm-none-eabi/12.3.1/../../../../arm-none-eabi/lib/thumb/v7e-m+fp/hard/crt0.o (memset)
D:/STM32CUBEIDE/STM32CubeIDE_1.16.0/STM32CubeIDE/plugins/com.st.stm32cube.ide.mcu.externaltools.gnu-tools-for-stm32.12.3.rel1.win32_1.0.200.202406191623/tools/bin/../lib/gcc/arm-none-eabi/12.3.1/../../../../arm-none-eabi/lib/thumb/v7e-m+fp/hard\libc_nano.a(libc_a-closer.o)
                              D:/STM32CUBEIDE/STM32CubeIDE_1.16.0/STM32CubeIDE/plugins/com.st.stm32cube.ide.mcu.externaltools.gnu-tools-for-stm32.12.3.rel1.win32_1.0.200.202406191623/tools/bin/../lib/gcc/arm-none-eabi/12.3.1/../../../../arm-none-eabi/lib/thumb/v7e-m+fp/hard\libc_nano.a(libc_a-stdio.o) (_close_r)
D:/STM32CUBEIDE/STM32CubeIDE_1.16.0/STM32CubeIDE/plugins/com.st.stm32cube.ide.mcu.externaltools.gnu-tools-for-stm32.12.3.rel1.win32_1.0.200.202406191623/tools/bin/../lib/gcc/arm-none-eabi/12.3.1/../../../../arm-none-eabi/lib/thumb/v7e-m+fp/hard\libc_nano.a(libc_a-reent.o)
                              D:/STM32CUBEIDE/STM32CubeIDE_1.16.0/STM32CubeIDE/plugins/com.st.stm32cube.ide.mcu.externaltools.gnu-tools-for-stm32.12.3.rel1.win32_1.0.200.202406191623/tools/bin/../lib/gcc/arm-none-eabi/12.3.1/../../../../arm-none-eabi/lib/thumb/v7e-m+fp/hard\libc_nano.a(libc_a-closer.o) (errno)
D:/STM32CUBEIDE/STM32CubeIDE_1.16.0/STM32CubeIDE/plugins/com.st.stm32cube.ide.mcu.externaltools.gnu-tools-for-stm32.12.3.rel1.win32_1.0.200.202406191623/tools/bin/../lib/gcc/arm-none-eabi/12.3.1/../../../../arm-none-eabi/lib/thumb/v7e-m+fp/hard\libc_nano.a(libc_a-impure.o)
                              D:/STM32CUBEIDE/STM32CubeIDE_1.16.0/STM32CubeIDE/plugins/com.st.stm32cube.ide.mcu.externaltools.gnu-tools-for-stm32.12.3.rel1.win32_1.0.200.202406191623/tools/bin/../lib/gcc/arm-none-eabi/12.3.1/../../../../arm-none-eabi/lib/thumb/v7e-m+fp/hard\libc_nano.a(libc_a-reent.o) (_impure_ptr)
[...]
Memory Configuration

Name             Origin             Length             Attributes
CCMRAM           0x10000000         0x00010000         xrw
RAM              0x20000000         0x00020000         xrw
FLASH            0x08000000         0x00100000         xr
*default*        0x00000000         0xffffffff

Linker script and memory map

LOAD D:/STM32CUBEIDE/STM32CubeIDE_1.16.0/STM32CubeIDE/plugins/com.st.stm32cube.ide.mcu.externaltools.gnu-tools-for-stm32.12.3.rel1.win32_1.0.200.202406191623/tools/bin/../lib/gcc/arm-none-eabi/12.3.1/thumb/v7e-m+fp/hard/crti.o
LOAD D:/STM32CUBEIDE/STM32CubeIDE_1.16.0/STM32CubeIDE/plugins/com.st.stm32cube.ide.mcu.externaltools.gnu-tools-for-stm32.12.3.rel1.win32_1.0.200.202406191623/tools/bin/../lib/gcc/arm-none-eabi/12.3.1/thumb/v7e-m+fp/hard/crtbegin.o
LOAD D:/STM32CUBEIDE/STM32CubeIDE_1.16.0/STM32CubeIDE/plugins/com.st.stm32cube.ide.mcu.externaltools.gnu-tools-for-stm32.12.3.rel1.win32_1.0.200.202406191623/tools/bin/../lib/gcc/arm-none-eabi/12.3.1/../../../../arm-none-eabi/lib/thumb/v7e-m+fp/hard/crt0.o
LOAD ./Core/Src/button.o
LOAD ./Core/Src/ds3231.o
LOAD ./Core/Src/fsmc.o
LOAD ./Core/Src/gpio.o
LOAD ./Core/Src/i2c.o
LOAD ./Core/Src/lcd.o
LOAD ./Core/Src/led_7seg.o
LOAD ./Core/Src/main.o
LOAD ./Core/Src/picture.o
LOAD ./Core/Src/software_timer.o
LOAD ./Core/Src/spi.o
LOAD ./Core/Src/stm32f4xx_hal_msp.o
LOAD ./Core/Src/stm32f4xx_it.o
LOAD ./Core/Src/syscalls.o
LOAD ./Core/Src/sysmem.o
LOAD ./Core/Src/system_stm32f4xx.o
LOAD ./Core/Src/tim.o
LOAD ./Core/Src/utils.o
LOAD ./Core/Startup/startup_stm32f407zetx.o
LOAD ./Drivers/STM32F4xx_HAL_Driver/Src/stm32f4xx_hal.o
LOAD ./Drivers/STM32F4xx_HAL_Driver/Src/stm32f4xx_hal_cortex.o
LOAD ./Drivers/STM32F4xx_HAL_Driver/Src/stm32f4xx_hal_dma.o
LOAD ./Drivers/STM32F4xx_HAL_Driver/Src/stm32f4xx_hal_dma_ex.o
LOAD ./Drivers/STM32F4xx_HAL_Driver/Src/stm32f4xx_hal_exti.o
LOAD ./Drivers/STM32F4xx_HAL_Driver/Src/stm32f4xx_hal_flash.o
LOAD ./Drivers/STM32F4xx_HAL_Driver/Src/stm32f4xx_hal_flash_ex.o
LOAD ./Drivers/STM32F4xx_HAL_Driver/Src/stm32f4xx_hal_flash_ramfunc.o
LOAD ./Drivers/STM32F4xx_HAL_Driver/Src/stm32f4xx_hal_gpio.o
LOAD ./Drivers/STM32F4xx_HAL_Driver/Src/stm32f4xx_hal_i2c.o
LOAD ./Drivers/STM32F4xx_HAL_Driver/Src/stm32f4xx_hal_i2c_ex.o
LOAD ./Drivers/STM32F4xx_HAL_Driver/Src/stm32f4xx_hal_pwr.o
LOAD ./Drivers/STM32F4xx_HAL_Driver/Src/stm32f4xx_hal_pwr_ex.o
LOAD ./Drivers/STM32F4xx_HAL_Driver/Src/stm32f4xx_hal_rcc.o
LOAD ./Drivers/STM32F4xx_HAL_Driver/Src/stm32f4xx_hal_rcc_ex.o
LOAD ./Drivers/STM32F4xx_HAL_Driver/Src/stm32f4xx_hal_spi.o
LOAD ./Drivers/STM32F4xx_HAL_Driver/Src/stm32f4xx_hal_sram.o
LOAD ./Drivers/STM32F4xx_HAL_Driver/Src/stm32f4xx_hal_tim.o
LOAD ./Drivers/STM32F4xx_HAL_Driver/Src/stm32f4xx_hal_tim_ex.o
LOAD ./Drivers/STM32F4xx_HAL_Driver/Src/stm32f4xx_ll_fsmc.o
START GROUP
LOAD D:/STM32CUBEIDE/STM32CubeIDE_1.16.0/STM32CubeIDE/plugins/com.st.stm32cube.ide.mcu.externaltools.gnu-tools-for-stm32.12.3.rel1.win32_1.0.200.202406191623/tools/bin/../lib/gcc/arm-none-eabi/12.3.1/../../../../arm-none-eabi/lib/thumb/v7e-m+fp/hard\libc_nano.a
LOAD D:/STM32CUBEIDE/STM32CubeIDE_1.16.0/STM32CubeIDE/plugins/com.st.stm32cube.ide.mcu.externaltools.gnu-tools-for-stm32.12.3.rel1.win32_1.0.200.202406191623/tools/bin/../lib/gcc/arm-none-eabi/12.3.1/../../../../arm-none-eabi/lib/thumb/v7e-m+fp/hard\libm.a
END GROUP
START GROUP
LOAD D:/STM32CUBEIDE/STM32CubeIDE_1.16.0/STM32CubeIDE/plugins/com.st.stm32cube.ide.mcu.externaltools.gnu-tools-for-stm32.12.3.rel1.win32_1.0.200.202406191623/tools/bin/../lib/gcc/arm-none-eabi/12.3.1/thumb/v7e-m+fp/hard\libgcc.a
LOAD D:/STM32CUBEIDE/STM32CubeIDE_1.16.0/STM32CubeIDE/plugins/com.st.stm32cube.ide.mcu.externaltools.gnu-tools-for-stm32.12.3.rel1.win32_1.0.200.202406191623/tools/bin/../lib/gcc/arm-none-eabi/12.3.1/../../../../arm-none-eabi/lib/thumb/v7e-m+fp/hard\libc_nano.a
END GROUP
START GROUP
LOAD D:/STM32CUBEIDE/STM32CubeIDE_1.16.0/STM32CubeIDE/plugins/com.st.stm32cube.ide.mcu.externaltools.gnu-tools-for-stm32.12.3.rel1.win32_1.0.200.202406191623/tools/bin/../lib/gcc/arm-none-eabi/12.3.1/thumb/v7e-m+fp/hard\libgcc.a
LOAD D:/STM32CUBEIDE/STM32CubeIDE_1.16.0/STM32CubeIDE/plugins/com.st.stm32cube.ide.mcu.externaltools.gnu-tools-for-stm32.12.3.rel1.win32_1.0.200.202406191623/tools/bin/../lib/gcc/arm-none-eabi/12.3.1/../../../../arm-none-eabi/lib/thumb/v7e-m+fp/hard\libc_nano.a
LOAD D:/STM32CUBEIDE/STM32CubeIDE_1.16.0/STM32CubeIDE/plugins/com.st.stm32cube.ide.mcu.externaltools.gnu-tools-for-stm32.12.3.rel1.win32_1.0.200.202406191623/tools/bin/../lib/gcc/arm-none-eabi/12.3.1/../../../../arm-none-eabi/lib/thumb/v7e-m+fp/hard\libnosys.a
END GROUP
START GROUP
LOAD D:/STM32CUBEIDE/STM32CubeIDE_1.16.0/STM32CubeIDE/plugins/com.st.stm32cube.ide.mcu.externaltools.gnu-tools-for-stm32.12.3.rel1.win32_1.0.200.202406191623/tools/bin/../lib/gcc/arm-none-eabi/12.3.1/thumb/v7e-m+fp/hard\libgcc.a
LOAD D:/STM32CUBEIDE/STM32CubeIDE_1.16.0/STM32CubeIDE/plugins/com.st.stm32cube.ide.mcu.externaltools.gnu-tools-for-stm32.12.3.rel1.win32_1.0.200.202406191623/tools/bin/../lib/gcc/arm-none-eabi/12.3.1/../../../../arm-none-eabi/lib/thumb/v7e-m+fp/hard\libc_nano.a
LOAD D:/STM32CUBEIDE/STM32CubeIDE_1.16.0/STM32CubeIDE/plugins/com.st.stm32cube.ide.mcu.externaltools.gnu-tools-for-stm32.12.3.rel1.win32_1.0.200.202406191623/tools/bin/../lib/gcc/arm-none-eabi/12.3.1/../../../../arm-none-eabi/lib/thumb/v7e-m+fp/hard\libnosys.a
END GROUP
LOAD D:/STM32CUBEIDE/STM32CubeIDE_1.16.0/STM32CubeIDE/plugins/com.st.stm32cube.ide.mcu.externaltools.gnu-tools-for-stm32.12.3.rel1.win32_1.0.200.202406191623/tools/bin/../lib/gcc/arm-none-eabi/12.3.1/thumb/v7e-m+fp/hard/crtend.o
LOAD D:/STM32CUBEIDE/STM32CubeIDE_1.16.0/STM32CubeIDE/plugins/com.st.stm32cube.ide.mcu.externaltools.gnu-tools-for-stm32.12.3.rel1.win32_1.0.200.202406191623/tools/bin/../lib/gcc/arm-none-eabi/12.3.1/thumb/v7e-m+fp/hard/crtn.o
                0x20020000                        _estack = (ORIGIN (RAM) + LENGTH (RAM))
                0x00000200                        _Min_Heap_Size = 0x200
                0x00000400                        _Min_Stack_Size = 0x400

.isr_vector     0x08000000      0x188
                0x08000000                        . = ALIGN (0x4)
 *(.isr_vector)
 .isr_vector    0x08000000      0x188 ./Core/Startup/startup_stm32f407zetx.o
                0x08000000                g_pfnVectors
                0x08000188                        . = ALIGN (0x4)

.text           0x08000188     0x574c
                0x08000188                        . = ALIGN (0x4)
 *(.text)
 .text          0x08000188       0x40 D:/STM32CUBEIDE/STM32CubeIDE_1.16.0/STM32CubeIDE/plugins/com.st.stm32cube.ide.mcu.externaltools.gnu-tools-for-stm32.12.3.rel1.win32_1.0.200.202406191623/tools/bin/../lib/gcc/arm-none-eabi/12.3.1/thumb/v7e-m+fp/hard/crtbegin.o
 .text          0x080001c8       0x30 D:/STM32CUBEIDE/STM32CubeIDE_1.16.0/STM32CubeIDE/plugins/com.st.stm32cube.ide.mcu.externaltools.gnu-tools-for-stm32.12.3.rel1.win32_1.0.200.202406191623/tools/bin/../lib/gcc/arm-none-eabi/12.3.1/thumb/v7e-m+fp/hard\libgcc.a(_aeabi_uldivmod.o)
                0x080001c8                __aeabi_uldivmod
 .text          0x080001f8      0x2bc D:/STM32CUBEIDE/STM32CubeIDE_1.16.0/STM32CubeIDE/plugins/com.st.stm32cube.ide.mcu.externaltools.gnu-tools-for-stm32.12.3.rel1.win32_1.0.200.202406191623/tools/bin/../lib/gcc/arm-none-eabi/12.3.1/thumb/v7e-m+fp/hard\libgcc.a(_udivmoddi4.o)
                0x080001f8                __udivmoddi4
 .text          0x080004b4        0x4 D:/STM32CUBEIDE/STM32CubeIDE_1.16.0/STM32CubeIDE/plugins/com.st.stm32cube.ide.mcu.externaltools.gnu-tools-for-stm32.12.3.rel1.win32_1.0.200.202406191623/tools/bin/../lib/gcc/arm-none-eabi/12.3.1/thumb/v7e-m+fp/hard\libgcc.a(_dvmd_tls.o)
                0x080004b4                __aeabi_idiv0
                0x080004b4                __aeabi_ldiv0
 *(.text*)
 .text.button_init
                0x080004b8       0x18 ./Core/Src/button.o
                0x080004b8                button_init
 .text.button_Scan
                0x080004d0       0xd8 ./Core/Src/button.o
                0x080004d0                button_Scan
 .text.ds3231_init
                0x080005a8       0x88 ./Core/Src/ds3231.o
                0x080005a8                ds3231_init
 .text.ds3231_Write
                0x08000630       0x44 ./Core/Src/ds3231.o
                0x08000630                ds3231_Write
 .text.ds3231_ReadTime
                0x08000674       0xc8 ./Core/Src/ds3231.o
                0x08000674                ds3231_ReadTime
 .text.MX_FSMC_Init
                0x0800073c       0xf4 ./Core/Src/fsmc.o
                0x0800073c                MX_FSMC_Init
 .text.HAL_FSMC_MspInit
                0x08000830       0x98 ./Core/Src/fsmc.o
 .text.HAL_SRAM_MspInit
                0x080008c8       0x14 ./Core/Src/fsmc.o
                0x080008c8                HAL_SRAM_MspInit
 .text.MX_GPIO_Init
                0x080008dc      0x1f0 ./Core/Src/gpio.o
                0x080008dc                MX_GPIO_Init
 .text.MX_I2C1_Init
                0x08000acc       0x5c ./Core/Src/i2c.o
                0x08000acc                MX_I2C1_Init
 .text.HAL_I2C_MspInit
                0x08000b28       0x90 ./Core/Src/i2c.o
                0x08000b28                HAL_I2C_MspInit
 .text.LCD_WR_REG
                0x08000bb8       0x20 ./Core/Src/lcd.o
                0x08000bb8                LCD_WR_REG
 .text.LCD_WR_DATA
                0x08000bd8       0x20 ./Core/Src/lcd.o
                0x08000bd8                LCD_WR_DATA
 .text.LCD_RD_DATA
                0x08000bf8       0x24 ./Core/Src/lcd.o
                0x08000bf8                LCD_RD_DATA
 .text.lcd_AddressSet
                0x08000c1c       0x98 ./Core/Src/lcd.o
                0x08000c1c                lcd_AddressSet
 .text.lcd_Clear
                0x08000cb4       0x74 ./Core/Src/lcd.o
                0x08000cb4                lcd_Clear
 .text.lcd_Fill
                0x08000d28       0x6c ./Core/Src/lcd.o
                0x08000d28                lcd_Fill
 .text.lcd_DrawPoint
                0x08000d94       0x2e ./Core/Src/lcd.o
                0x08000d94                lcd_DrawPoint
 *fill*         0x08000dc2        0x2 
 .text.lcd_ShowChar
                0x08000dc4      0x1a0 ./Core/Src/lcd.o
                0x08000dc4                lcd_ShowChar
 .text.mypow    0x08000f64       0x38 ./Core/Src/lcd.o
                0x08000f64                mypow
 .text.lcd_ShowIntNum
                0x08000f9c       0xfc ./Core/Src/lcd.o
                0x08000f9c                lcd_ShowIntNum
 .text.lcd_SetDir
                0x08001098       0x48 ./Core/Src/lcd.o
                0x08001098                lcd_SetDir
 .text.lcd_init
                0x080010e0      0x2c0 ./Core/Src/lcd.o
                0x080010e0                lcd_init
 .text.led7_init
                0x080013a0       0x18 ./Core/Src/led_7seg.o
                0x080013a0                led7_init
 .text.led7_Scan
                0x080013b8      0x118 ./Core/Src/led_7seg.o
                0x080013b8                led7_Scan
 .text.main     0x080014d0       0xb0 ./Core/Src/main.o
                0x080014d0                main
 .text.SystemClock_Config
                0x08001580       0xd4 ./Core/Src/main.o
                0x08001580                SystemClock_Config
 .text.system_init
                0x08001654       0x44 ./Core/Src/main.o
                0x08001654                system_init
 .text.updateTime
                0x08001698       0x40 ./Core/Src/main.o
                0x08001698                updateTime
 .text.isButtonUp
                0x080016d8       0x20 ./Core/Src/main.o
                0x080016d8                isButtonUp
 .text.isButtonDown
                0x080016f8       0x20 ./Core/Src/main.o
                0x080016f8                isButtonDown
 .text.displayTime
                0x08001718       0xfc ./Core/Src/main.o
                0x08001718                displayTime
 .text.adjustTime
                0x08001814      0x270 ./Core/Src/main.o
                0x08001814                adjustTime
 .text.setAlarm
                0x08001a84       0xfc ./Core/Src/main.o
                0x08001a84                setAlarm
 .text.checkAlarm
                0x08001b80       0x84 ./Core/Src/main.o
                0x08001b80                checkAlarm
 .text.Error_Handler
                0x08001c04        0xc ./Core/Src/main.o
                0x08001c04                Error_Handler
 .text.timer_init
                0x08001c10       0x14 ./Core/Src/software_timer.o
                0x08001c10                timer_init
 .text.setTimer2
                0x08001c24       0x38 ./Core/Src/software_timer.o
                0x08001c24                setTimer2
 .text.HAL_TIM_PeriodElapsedCallback
                0x08001c5c       0x54 ./Core/Src/software_timer.o
                0x08001c5c                HAL_TIM_PeriodElapsedCallback
 .text.MX_SPI1_Init
                0x08001cb0       0x6c ./Core/Src/spi.o
                0x08001cb0                MX_SPI1_Init
 .text.HAL_SPI_MspInit
                0x08001d1c       0x90 ./Core/Src/spi.o
                0x08001d1c                HAL_SPI_MspInit
 .text.HAL_MspInit
                0x08001dac       0x50 ./Core/Src/stm32f4xx_hal_msp.o
                0x08001dac                HAL_MspInit
 .text.NMI_Handler
                0x08001dfc        0x8 ./Core/Src/stm32f4xx_it.o
                0x08001dfc                NMI_Handler
 .text.HardFault_Handler
                0x08001e04        0x8 ./Core/Src/stm32f4xx_it.o
                0x08001e04                HardFault_Handler
 .text.MemManage_Handler
                0x08001e0c        0x8 ./Core/Src/stm32f4xx_it.o
                0x08001e0c                MemManage_Handler
 .text.BusFault_Handler
                0x08001e14        0x8 ./Core/Src/stm32f4xx_it.o
                0x08001e14                BusFault_Handler
 .text.UsageFault_Handler
                0x08001e1c        0x8 ./Core/Src/stm32f4xx_it.o
                0x08001e1c                UsageFault_Handler
 .text.SVC_Handler
                0x08001e24        0xe ./Core/Src/stm32f4xx_it.o
                0x08001e24                SVC_Handler
 .text.DebugMon_Handler
                0x08001e32        0xe ./Core/Src/stm32f4xx_it.o
                0x08001e32                DebugMon_Handler
 .text.PendSV_Handler
                0x08001e40        0xe ./Core/Src/stm32f4xx_it.o
                0x08001e40                PendSV_Handler
 .text.SysTick_Handler
                0x08001e4e        0xc ./Core/Src/stm32f4xx_it.o
                0x08001e4e                SysTick_Handler
 *fill*         0x08001e5a        0x2 
 .text.TIM2_IRQHandler
                0x08001e5c       0x14 ./Core/Src/stm32f4xx_it.o
                0x08001e5c                TIM2_IRQHandler
 .text.SystemInit
                0x08001e70       0x24 ./Core/Src/system_stm32f4xx.o
                0x08001e70                SystemInit
 .text.MX_TIM2_Init
                0x08001e94       0x98 ./Core/Src/tim.o
                0x08001e94                MX_TIM2_Init
 .text.HAL_TIM_Base_MspInit
                0x08001f2c       0x4c ./Core/Src/tim.o
                0x08001f2c                HAL_TIM_Base_MspInit
 .text.BCD2DEC  0x08001f78       0x32 ./Core/Src/utils.o
                0x08001f78                BCD2DEC
 *fill*         0x08001faa        0x2 
 .text.DEC2BCD  0x08001fac       0x48 ./Core/Src/utils.o
                0x08001fac                DEC2BCD
 .text.Reset_Handler
                0x08001ff4       0x50 ./Core/Startup/startup_stm32f407zetx.o
                0x08001ff4                Reset_Handler
 .text.Default_Handler
                0x08002044        0x2 ./Core/Startup/startup_stm32f407zetx.o
                0x08002044                RTC_Alarm_IRQHandler
                0x08002044                HASH_RNG_IRQHandler
                0x08002044                EXTI2_IRQHandler
                0x08002044                TIM8_CC_IRQHandler
                0x08002044                TIM1_CC_IRQHandler
                0x08002044                DMA2_Stream5_IRQHandler
                0x08002044                DMA1_Stream5_IRQHandler
                0x08002044                PVD_IRQHandler
                0x08002044                SDIO_IRQHandler
                0x08002044                TAMP_STAMP_IRQHandler
                0x08002044                CAN2_RX1_IRQHandler
                0x08002044                EXTI3_IRQHandler
                0x08002044                TIM8_TRG_COM_TIM14_IRQHandler
                0x08002044                TIM1_UP_TIM10_IRQHandler
                0x08002044                TIM8_UP_TIM13_IRQHandler
                0x08002044                I2C3_ER_IRQHandler
                0x08002044                EXTI0_IRQHandler
                0x08002044                I2C2_EV_IRQHandler
                0x08002044                DMA1_Stream2_IRQHandler
                0x08002044                CAN1_RX0_IRQHandler
                0x08002044                FPU_IRQHandler
                0x08002044                OTG_HS_WKUP_IRQHandler
                0x08002044                CAN2_SCE_IRQHandler
                0x08002044                DMA2_Stream2_IRQHandler
                0x08002044                SPI1_IRQHandler
                0x08002044                TIM6_DAC_IRQHandler
                0x08002044                TIM1_BRK_TIM9_IRQHandler
                0x08002044                DCMI_IRQHandler
                0x08002044                CAN2_RX0_IRQHandler
                0x08002044                DMA2_Stream3_IRQHandler
                0x08002044                USART6_IRQHandler
                0x08002044                USART3_IRQHandler
                0x08002044                CAN1_RX1_IRQHandler
                0x08002044                UART5_IRQHandler
                0x08002044                DMA2_Stream0_IRQHandler
                0x08002044                TIM4_IRQHandler
                0x08002044                I2C1_EV_IRQHandler
                0x08002044                DMA1_Stream6_IRQHandler
                0x08002044                DMA1_Stream1_IRQHandler
                0x08002044                UART4_IRQHandler
                0x08002044                TIM3_IRQHandler
                0x08002044                RCC_IRQHandler
                0x08002044                TIM8_BRK_TIM12_IRQHandler
                0x08002044                Default_Handler
                0x08002044                EXTI15_10_IRQHandler
                0x08002044                ADC_IRQHandler
                0x08002044                DMA1_Stream7_IRQHandler
                0x08002044                TIM7_IRQHandler
                0x08002044                CAN2_TX_IRQHandler
                0x08002044                TIM5_IRQHandler
                0x08002044                DMA2_Stream7_IRQHandler
                0x08002044                I2C3_EV_IRQHandler
                0x08002044                EXTI9_5_IRQHandler
                0x08002044                RTC_WKUP_IRQHandler
                0x08002044                ETH_WKUP_IRQHandler
                0x08002044                SPI2_IRQHandler
                0x08002044                OTG_HS_EP1_IN_IRQHandler
                0x08002044                DMA1_Stream0_IRQHandler
                0x08002044                CAN1_TX_IRQHandler
                0x08002044                EXTI4_IRQHandler
                0x08002044                FSMC_IRQHandler
                0x08002044                ETH_IRQHandler
                0x08002044                OTG_HS_EP1_OUT_IRQHandler
                0x08002044                WWDG_IRQHandler
                0x08002044                OTG_FS_WKUP_IRQHandler
                0x08002044                TIM1_TRG_COM_TIM11_IRQHandler
                0x08002044                OTG_HS_IRQHandler
                0x08002044                EXTI1_IRQHandler
                0x08002044                USART2_IRQHandler
                0x08002044                I2C2_ER_IRQHandler
                0x08002044                DMA2_Stream1_IRQHandler
                0x08002044                CAN1_SCE_IRQHandler
                0x08002044                FLASH_IRQHandler
                0x08002044                DMA2_Stream4_IRQHandler
                0x08002044                USART1_IRQHandler
                0x08002044                OTG_FS_IRQHandler
                0x08002044                SPI3_IRQHandler
                0x08002044                DMA1_Stream4_IRQHandler
                0x08002044                I2C1_ER_IRQHandler
                0x08002044                DMA2_Stream6_IRQHandler
                0x08002044                DMA1_Stream3_IRQHandler
 *fill*         0x08002046        0x2 
 .text.HAL_Init
                0x08002048       0x44 ./Drivers/STM32F4xx_HAL_Driver/Src/stm32f4xx_hal.o
                0x08002048                HAL_Init
 .text.HAL_InitTick
                0x0800208c       0x60 ./Drivers/STM32F4xx_HAL_Driver/Src/stm32f4xx_hal.o
                0x0800208c                HAL_InitTick
 .text.HAL_IncTick
                0x080020ec       0x28 ./Drivers/STM32F4xx_HAL_Driver/Src/stm32f4xx_hal.o
                0x080020ec                HAL_IncTick
 .text.HAL_GetTick
                0x08002114       0x18 ./Drivers/STM32F4xx_HAL_Driver/Src/stm32f4xx_hal.o
                0x08002114                HAL_GetTick
 .text.HAL_Delay
                0x0800212c       0x48 ./Drivers/STM32F4xx_HAL_Driver/Src/stm32f4xx_hal.o
                0x0800212c                HAL_Delay
 .text.__NVIC_SetPriorityGrouping
                0x08002174       0x48 ./Drivers/STM32F4xx_HAL_Driver/Src/stm32f4xx_hal_cortex.o
 .text.__NVIC_GetPriorityGrouping
                0x080021bc       0x1c ./Drivers/STM32F4xx_HAL_Driver/Src/stm32f4xx_hal_cortex.o
 .text.__NVIC_EnableIRQ
                0x080021d8       0x3c ./Drivers/STM32F4xx_HAL_Driver/Src/stm32f4xx_hal_cortex.o
 .text.__NVIC_SetPriority
                0x08002214       0x54 ./Drivers/STM32F4xx_HAL_Driver/Src/stm32f4xx_hal_cortex.o
 .text.NVIC_EncodePriority
                0x08002268       0x66 ./Drivers/STM32F4xx_HAL_Driver/Src/stm32f4xx_hal_cortex.o
 *fill*         0x080022ce        0x2 
 .text.SysTick_Config
                0x080022d0       0x44 ./Drivers/STM32F4xx_HAL_Driver/Src/stm32f4xx_hal_cortex.o
 .text.HAL_NVIC_SetPriorityGrouping
                0x08002314       0x16 ./Drivers/STM32F4xx_HAL_Driver/Src/stm32f4xx_hal_cortex.o
                0x08002314                HAL_NVIC_SetPriorityGrouping
 .text.HAL_NVIC_SetPriority
                0x0800232a       0x38 ./Drivers/STM32F4xx_HAL_Driver/Src/stm32f4xx_hal_cortex.o
                0x0800232a                HAL_NVIC_SetPriority
 .text.HAL_NVIC_EnableIRQ
                0x08002362       0x1c ./Drivers/STM32F4xx_HAL_Driver/Src/stm32f4xx_hal_cortex.o
                0x08002362                HAL_NVIC_EnableIRQ
 .text.HAL_SYSTICK_Config
                0x0800237e       0x18 ./Drivers/STM32F4xx_HAL_Driver/Src/stm32f4xx_hal_cortex.o
                0x0800237e                HAL_SYSTICK_Config
 *fill*         0x08002396        0x2 
 .text.HAL_GPIO_Init
                0x08002398      0x338 ./Drivers/STM32F4xx_HAL_Driver/Src/stm32f4xx_hal_gpio.o
                0x08002398                HAL_GPIO_Init
 .text.HAL_GPIO_WritePin
                0x080026d0       0x32 ./Drivers/STM32F4xx_HAL_Driver/Src/stm32f4xx_hal_gpio.o
                0x080026d0                HAL_GPIO_WritePin
 *fill*         0x08002702        0x2 
 .text.HAL_I2C_Init
                0x08002704      0x288 ./Drivers/STM32F4xx_HAL_Driver/Src/stm32f4xx_hal_i2c.o
                0x08002704                HAL_I2C_Init
 .text.HAL_I2C_Mem_Write
                0x0800298c      0x1f4 ./Drivers/STM32F4xx_HAL_Driver/Src/stm32f4xx_hal_i2c.o
                0x0800298c                HAL_I2C_Mem_Write
 .text.HAL_I2C_Mem_Read
                0x08002b80      0x44c ./Drivers/STM32F4xx_HAL_Driver/Src/stm32f4xx_hal_i2c.o
                0x08002b80                HAL_I2C_Mem_Read
 .text.HAL_I2C_IsDeviceReady
                0x08002fcc      0x25c ./Drivers/STM32F4xx_HAL_Driver/Src/stm32f4xx_hal_i2c.o
                0x08002fcc                HAL_I2C_IsDeviceReady
 .text.I2C_RequestMemoryWrite
                0x08003228      0x12c ./Drivers/STM32F4xx_HAL_Driver/Src/stm32f4xx_hal_i2c.o
 .text.I2C_RequestMemoryRead
                0x08003354      0x1d0 ./Drivers/STM32F4xx_HAL_Driver/Src/stm32f4xx_hal_i2c.o
 .text.I2C_WaitOnFlagUntilTimeout
                0x08003524       0xae ./Drivers/STM32F4xx_HAL_Driver/Src/stm32f4xx_hal_i2c.o
 .text.I2C_WaitOnMasterAddressFlagUntilTimeout
                0x080035d2       0xfe ./Drivers/STM32F4xx_HAL_Driver/Src/stm32f4xx_hal_i2c.o
 .text.I2C_WaitOnTXEFlagUntilTimeout
                0x080036d0       0x82 ./Drivers/STM32F4xx_HAL_Driver/Src/stm32f4xx_hal_i2c.o
 .text.I2C_WaitOnBTFFlagUntilTimeout
                0x08003752       0x82 ./Drivers/STM32F4xx_HAL_Driver/Src/stm32f4xx_hal_i2c.o
 .text.I2C_WaitOnRXNEFlagUntilTimeout
                0x080037d4       0xac ./Drivers/STM32F4xx_HAL_Driver/Src/stm32f4xx_hal_i2c.o
 .text.I2C_IsAcknowledgeFailed
                0x08003880       0x5e ./Drivers/STM32F4xx_HAL_Driver/Src/stm32f4xx_hal_i2c.o
 *fill*         0x080038de        0x2 
 .text.HAL_RCC_OscConfig
                0x080038e0      0x4f0 ./Drivers/STM32F4xx_HAL_Driver/Src/stm32f4xx_hal_rcc.o
                0x080038e0                HAL_RCC_OscConfig
 .text.HAL_RCC_ClockConfig
                0x08003dd0      0x1cc ./Drivers/STM32F4xx_HAL_Driver/Src/stm32f4xx_hal_rcc.o
                0x08003dd0                HAL_RCC_ClockConfig
 .text.HAL_RCC_GetSysClockFreq
                0x08003f9c      0x20c ./Drivers/STM32F4xx_HAL_Driver/Src/stm32f4xx_hal_rcc.o
                0x08003f9c                HAL_RCC_GetSysClockFreq
 .text.HAL_RCC_GetHCLKFreq
                0x080041a8       0x18 ./Drivers/STM32F4xx_HAL_Driver/Src/stm32f4xx_hal_rcc.o
                0x080041a8                HAL_RCC_GetHCLKFreq
 .text.HAL_RCC_GetPCLK1Freq
                0x080041c0       0x28 ./Drivers/STM32F4xx_HAL_Driver/Src/stm32f4xx_hal_rcc.o
                0x080041c0                HAL_RCC_GetPCLK1Freq
 .text.HAL_SPI_Init
                0x080041e8      0x112 ./Drivers/STM32F4xx_HAL_Driver/Src/stm32f4xx_hal_spi.o
                0x080041e8                HAL_SPI_Init
 .text.HAL_SPI_Transmit
                0x080042fa      0x278 ./Drivers/STM32F4xx_HAL_Driver/Src/stm32f4xx_hal_spi.o
                0x080042fa                HAL_SPI_Transmit
 .text.HAL_SPI_Receive
                0x08004572      0x222 ./Drivers/STM32F4xx_HAL_Driver/Src/stm32f4xx_hal_spi.o
                0x08004572                HAL_SPI_Receive
 .text.HAL_SPI_TransmitReceive
                0x08004794      0x344 ./Drivers/STM32F4xx_HAL_Driver/Src/stm32f4xx_hal_spi.o
                0x08004794                HAL_SPI_TransmitReceive
 .text.SPI_WaitFlagStateUntilTimeout
                0x08004ad8      0x110 ./Drivers/STM32F4xx_HAL_Driver/Src/stm32f4xx_hal_spi.o
 .text.SPI_EndRxTransaction
                0x08004be8       0xca ./Drivers/STM32F4xx_HAL_Driver/Src/stm32f4xx_hal_spi.o
 *fill*         0x08004cb2        0x2 
 .text.SPI_EndRxTxTransaction
                0x08004cb4       0x84 ./Drivers/STM32F4xx_HAL_Driver/Src/stm32f4xx_hal_spi.o
 .text.HAL_SRAM_Init
                0x08004d38       0x88 ./Drivers/STM32F4xx_HAL_Driver/Src/stm32f4xx_hal_sram.o
                0x08004d38                HAL_SRAM_Init
 .text.HAL_TIM_Base_Init
                0x08004dc0       0x9e ./Drivers/STM32F4xx_HAL_Driver/Src/stm32f4xx_hal_tim.o
                0x08004dc0                HAL_TIM_Base_Init
 *fill*         0x08004e5e        0x2 
 .text.HAL_TIM_Base_Start_IT
                0x08004e60       0xe0 ./Drivers/STM32F4xx_HAL_Driver/Src/stm32f4xx_hal_tim.o
                0x08004e60                HAL_TIM_Base_Start_IT
 .text.HAL_TIM_IRQHandler
                0x08004f40      0x210 ./Drivers/STM32F4xx_HAL_Driver/Src/stm32f4xx_hal_tim.o
                0x08004f40                HAL_TIM_IRQHandler
 .text.HAL_TIM_ConfigClockSource
                0x08005150      0x18e ./Drivers/STM32F4xx_HAL_Driver/Src/stm32f4xx_hal_tim.o
                0x08005150                HAL_TIM_ConfigClockSource
 .text.HAL_TIM_OC_DelayElapsedCallback
                0x080052de       0x14 ./Drivers/STM32F4xx_HAL_Driver/Src/stm32f4xx_hal_tim.o
                0x080052de                HAL_TIM_OC_DelayElapsedCallback
 .text.HAL_TIM_IC_CaptureCallback
                0x080052f2       0x14 ./Drivers/STM32F4xx_HAL_Driver/Src/stm32f4xx_hal_tim.o
                0x080052f2                HAL_TIM_IC_CaptureCallback
 .text.HAL_TIM_PWM_PulseFinishedCallback
                0x08005306       0x14 ./Drivers/STM32F4xx_HAL_Driver/Src/stm32f4xx_hal_tim.o
                0x08005306                HAL_TIM_PWM_PulseFinishedCallback
 .text.HAL_TIM_TriggerCallback
                0x0800531a       0x14 ./Drivers/STM32F4xx_HAL_Driver/Src/stm32f4xx_hal_tim.o
                0x0800531a                HAL_TIM_TriggerCallback
 *fill*         0x0800532e        0x2 
 .text.TIM_Base_SetConfig
                0x08005330      0x140 ./Drivers/STM32F4xx_HAL_Driver/Src/stm32f4xx_hal_tim.o
                0x08005330                TIM_Base_SetConfig
 .text.TIM_TI1_ConfigInputStage
                0x08005470       0x5e ./Drivers/STM32F4xx_HAL_Driver/Src/stm32f4xx_hal_tim.o
 .text.TIM_TI2_ConfigInputStage
                0x080054ce       0x60 ./Drivers/STM32F4xx_HAL_Driver/Src/stm32f4xx_hal_tim.o
 .text.TIM_ITRx_SetConfig
                0x0800552e       0x36 ./Drivers/STM32F4xx_HAL_Driver/Src/stm32f4xx_hal_tim.o
 .text.TIM_ETR_SetConfig
                0x08005564       0x40 ./Drivers/STM32F4xx_HAL_Driver/Src/stm32f4xx_hal_tim.o
                0x08005564                TIM_ETR_SetConfig
 .text.HAL_TIMEx_MasterConfigSynchronization
                0x080055a4       0xf8 ./Drivers/STM32F4xx_HAL_Driver/Src/stm32f4xx_hal_tim_ex.o
                0x080055a4                HAL_TIMEx_MasterConfigSynchronization
 .text.HAL_TIMEx_CommutCallback
                0x0800569c       0x14 ./Drivers/STM32F4xx_HAL_Driver/Src/stm32f4xx_hal_tim_ex.o
                0x0800569c                HAL_TIMEx_CommutCallback
 .text.HAL_TIMEx_BreakCallback
                0x080056b0       0x14 ./Drivers/STM32F4xx_HAL_Driver/Src/stm32f4xx_hal_tim_ex.o
                0x080056b0                HAL_TIMEx_BreakCallback
 .text.FSMC_NORSRAM_Init
                0x080056c4       0xa4 ./Drivers/STM32F4xx_HAL_Driver/Src/stm32f4xx_ll_fsmc.o
                0x080056c4                FSMC_NORSRAM_Init
 .text.FSMC_NORSRAM_Timing_Init
                0x08005768       0x7a ./Drivers/STM32F4xx_HAL_Driver/Src/stm32f4xx_ll_fsmc.o
                0x08005768                FSMC_NORSRAM_Timing_Init
 *fill*         0x080057e2        0x2 
 .text.FSMC_NORSRAM_Extended_Timing_Init
                0x080057e4       0x80 ./Drivers/STM32F4xx_HAL_Driver/Src/stm32f4xx_ll_fsmc.o
                0x080057e4                FSMC_NORSRAM_Extended_Timing_Init
 .text.memset   0x08005864       0x10 D:/STM32CUBEIDE/STM32CubeIDE_1.16.0/STM32CubeIDE/plugins/com.st.stm32cube.ide.mcu.externaltools.gnu-tools-for-stm32.12.3.rel1.win32_1.0.200.202406191623/tools/bin/../lib/gcc/arm-none-eabi/12.3.1/../../../../arm-none-eabi/lib/thumb/v7e-m+fp/hard\libc_nano.a(libc_a-memset.o)
                0x08005864                memset
 .text.__libc_init_array
                0x08005874       0x48 D:/STM32CUBEIDE/STM32CubeIDE_1.16.0/STM32CubeIDE/plugins/com.st.stm32cube.ide.mcu.externaltools.gnu-tools-for-stm32.12.3.rel1.win32_1.0.200.202406191623/tools/bin/../lib/gcc/arm-none-eabi/12.3.1/../../../../arm-none-eabi/lib/thumb/v7e-m+fp/hard\libc_nano.a(libc_a-init.o)
                0x08005874                __libc_init_array
 *(.glue_7)
 .glue_7        0x080058bc        0x0 linker stubs
 *(.glue_7t)
 .glue_7t       0x080058bc        0x0 linker stubs
 *(.eh_frame)
 .eh_frame      0x080058bc        0x0 D:/STM32CUBEIDE/STM32CubeIDE_1.16.0/STM32CubeIDE/plugins/com.st.stm32cube.ide.mcu.externaltools.gnu-tools-for-stm32.12.3.rel1.win32_1.0.200.202406191623/tools/bin/../lib/gcc/arm-none-eabi/12.3.1/thumb/v7e-m+fp/hard/crtbegin.o
 *(.init)
 .init          0x080058bc        0x4 D:/STM32CUBEIDE/STM32CubeIDE_1.16.0/STM32CubeIDE/plugins/com.st.stm32cube.ide.mcu.externaltools.gnu-tools-for-stm32.12.3.rel1.win32_1.0.200.202406191623/tools/bin/../lib/gcc/arm-none-eabi/12.3.1/thumb/v7e-m+fp/hard/crti.o
                0x080058bc                _init
 .init          0x080058c0        0x8 D:/STM32CUBEIDE/STM32CubeIDE_1.16.0/STM32CubeIDE/plugins/com.st.stm32cube.ide.mcu.externaltools.gnu-tools-for-stm32.12.3.rel1.win32_1.0.200.202406191623/tools/bin/../lib/gcc/arm-none-eabi/12.3.1/thumb/v7e-m+fp/hard/crtn.o
 *(.fini)
 .fini          0x080058c8        0x4 D:/STM32CUBEIDE/STM32CubeIDE_1.16.0/STM32CubeIDE/plugins/com.st.stm32cube.ide.mcu.externaltools.gnu-tools-for-stm32.12.3.rel1.win32_1.0.200.202406191623/tools/bin/../lib/gcc/arm-none-eabi/12.3.1/thumb/v7e-m+fp/hard/crti.o
                0x080058c8                _fini
 .fini          0x080058cc        0x8 D:/STM32CUBEIDE/STM32CubeIDE_1.16.0/STM32CubeIDE/plugins/com.st.stm32cube.ide.mcu.externaltools.gnu-tools-for-stm32.12.3.rel1.win32_1.0.200.202406191623/tools/bin/../lib/gcc/arm-none-eabi/12.3.1/thumb/v7e-m+fp/hard/crtn.o
                0x080058d4                        . = ALIGN (0x4)
                0x080058d4                        _etext = .

.vfp11_veneer   0x080058d4        0x0
 .vfp11_veneer  0x080058d4        0x0 linker stubs

.v4_bx          0x080058d4        0x0
 .v4_bx         0x080058d4        0x0 linker stubs

.iplt           0x080058d4        0x0
 .iplt          0x080058d4        0x0 D:/STM32CUBEIDE/STM32CubeIDE_1.16.0/STM32CubeIDE/plugins/com.st.stm32cube.ide.mcu.externaltools.gnu-tools-for-stm32.12.3.rel1.win32_1.0.200.202406191623/tools/bin/../lib/gcc/arm-none-eabi/12.3.1/thumb/v7e-m+fp/hard/crtbegin.o

.rodata         0x080058d4     0x2f98
                0x080058d4                        . = ALIGN (0x4)
 *(.rodata)
 *(.rodata*)
 .rodata.ascii_1608
                0x080058d4      0x5f0 ./Core/Src/lcd.o
                0x080058d4                ascii_1608
 .rodata.ascii_2412
                0x08005ec4     0x11d0 ./Core/Src/lcd.o
                0x08005ec4                ascii_2412
 .rodata.ascii_3216
                0x08007094     0x17c0 ./Core/Src/lcd.o
                0x08007094                ascii_3216
 .rodata.AHBPrescTable
                0x08008854       0x10 ./Core/Src/system_stm32f4xx.o
                0x08008854                AHBPrescTable
 .rodata.APBPrescTable
                0x08008864        0x8 ./Core/Src/system_stm32f4xx.o
                0x08008864                APBPrescTable
                0x0800886c                        . = ALIGN (0x4)

.ARM.extab      0x0800886c        0x0
                0x0800886c                        . = ALIGN (0x4)
 *(.ARM.extab* .gnu.linkonce.armextab.*)
                0x0800886c                        . = ALIGN (0x4)

.ARM            0x0800886c        0x8
                0x0800886c                        . = ALIGN (0x4)
                0x0800886c                        __exidx_start = .
 *(.ARM.exidx*)
 .ARM.exidx     0x0800886c        0x8 D:/STM32CUBEIDE/STM32CubeIDE_1.16.0/STM32CubeIDE/plugins/com.st.stm32cube.ide.mcu.externaltools.gnu-tools-for-stm32.12.3.rel1.win32_1.0.200.202406191623/tools/bin/../lib/gcc/arm-none-eabi/12.3.1/thumb/v7e-m+fp/hard\libgcc.a(_udivmoddi4.o)
                0x08008874                        __exidx_end = .
                0x08008874                        . = ALIGN (0x4)

.rel.dyn        0x08008874        0x0
 .rel.iplt      0x08008874        0x0 D:/STM32CUBEIDE/STM32CubeIDE_1.16.0/STM32CubeIDE/plugins/com.st.stm32cube.ide.mcu.externaltools.gnu-tools-for-stm32.12.3.rel1.win32_1.0.200.202406191623/tools/bin/../lib/gcc/arm-none-eabi/12.3.1/thumb/v7e-m+fp/hard/crtbegin.o

.preinit_array  0x08008874        0x0
                0x08008874                        . = ALIGN (0x4)
                0x08008874                        PROVIDE (__preinit_array_start = .)
 *(.preinit_array*)
                0x08008874                        PROVIDE (__preinit_array_end = .)
                0x08008874                        . = ALIGN (0x4)

.init_array     0x08008874        0x4
                0x08008874                        . = ALIGN (0x4)
                0x08008874                        PROVIDE (__init_array_start = .)
 *(SORT_BY_NAME(.init_array.*))
 *(.init_array*)
 .init_array    0x08008874        0x4 D:/STM32CUBEIDE/STM32CubeIDE_1.16.0/STM32CubeIDE/plugins/com.st.stm32cube.ide.mcu.externaltools.gnu-tools-for-stm32.12.3.rel1.win32_1.0.200.202406191623/tools/bin/../lib/gcc/arm-none-eabi/12.3.1/thumb/v7e-m+fp/hard/crtbegin.o
                0x08008878                        PROVIDE (__init_array_end = .)
                0x08008878                        . = ALIGN (0x4)

.fini_array     0x08008878        0x4
                0x08008878                        . = ALIGN (0x4)
                [!provide]                        PROVIDE (__fini_array_start = .)
 *(SORT_BY_NAME(.fini_array.*))
 *(.fini_array*)
 .fini_array    0x08008878        0x4 D:/STM32CUBEIDE/STM32CubeIDE_1.16.0/STM32CubeIDE/plugins/com.st.stm32cube.ide.mcu.externaltools.gnu-tools-for-stm32.12.3.rel1.win32_1.0.200.202406191623/tools/bin/../lib/gcc/arm-none-eabi/12.3.1/thumb/v7e-m+fp/hard/crtbegin.o
                [!provide]                        PROVIDE (__fini_array_end = .)
                0x0800887c                        . = ALIGN (0x4)
                0x0800887c                        _sidata = LOADADDR (.data)

.data           0x20000000       0x14 load address 0x0800887c
                0x20000000                        . = ALIGN (0x4)
                0x20000000                        _sdata = .
 *(.data)
 *(.data*)
 .data.led7seg  0x20000000        0x4 ./Core/Src/led_7seg.o
                0x20000000                led7seg
 .data.spi_buffer
                0x20000004        0x2 ./Core/Src/led_7seg.o
                0x20000004                spi_buffer
 .data.alarm_active
                0x20000006        0x1 ./Core/Src/main.o
 *fill*         0x20000007        0x1 
 .data.SystemCoreClock
                0x20000008        0x4 ./Core/Src/system_stm32f4xx.o
                0x20000008                SystemCoreClock
 .data.uwTickPrio
                0x2000000c        0x4 ./Drivers/STM32F4xx_HAL_Driver/Src/stm32f4xx_hal.o
                0x2000000c                uwTickPrio
 .data.uwTickFreq
                0x20000010        0x1 ./Drivers/STM32F4xx_HAL_Driver/Src/stm32f4xx_hal.o
                0x20000010                uwTickFreq
 *(.RamFunc)
 *(.RamFunc*)
                0x20000014                        . = ALIGN (0x4)
 *fill*         0x20000011        0x3 
                0x20000014                        _edata = .
                0x08008890                        _siccmram = LOADADDR (.ccmram)

.igot.plt       0x20000014        0x0 load address 0x08008890
 .igot.plt      0x20000014        0x0 D:/STM32CUBEIDE/STM32CubeIDE_1.16.0/STM32CubeIDE/plugins/com.st.stm32cube.ide.mcu.externaltools.gnu-tools-for-stm32.12.3.rel1.win32_1.0.200.202406191623/tools/bin/../lib/gcc/arm-none-eabi/12.3.1/thumb/v7e-m+fp/hard/crtbegin.o

.ccmram         0x10000000        0x0 load address 0x08008890
                0x10000000                        . = ALIGN (0x4)
                0x10000000                        _sccmram = .
 *(.ccmram)
 *(.ccmram*)
                0x10000000                        . = ALIGN (0x4)
                0x10000000                        _eccmram = .
                0x10000000                        . = ALIGN (0x4)

.bss            0x20000014      0x1b8
                0x20000014                        _sbss = .
                0x20000014                        __bss_start__ = _sbss
 *(.bss)
 .bss           0x20000014       0x1c D:/STM32CUBEIDE/STM32CubeIDE_1.16.0/STM32CubeIDE/plugins/com.st.stm32cube.ide.mcu.externaltools.gnu-tools-for-stm32.12.3.rel1.win32_1.0.200.202406191623/tools/bin/../lib/gcc/arm-none-eabi/12.3.1/thumb/v7e-m+fp/hard/crtbegin.o
 *(.bss*)
 .bss.button_count
                0x20000030       0x20 ./Core/Src/button.o
                0x20000030                button_count
 .bss.spi_button
                0x20000050        0x2 ./Core/Src/button.o
                0x20000050                spi_button
 *fill*         0x20000052        0x2 
 .bss.ds3231_buffer
                0x20000054        0x7 ./Core/Src/ds3231.o
                0x20000054                ds3231_buffer
 .bss.ds3231_hours
                0x2000005b        0x1 ./Core/Src/ds3231.o
                0x2000005b                ds3231_hours
 .bss.ds3231_min
                0x2000005c        0x1 ./Core/Src/ds3231.o
                0x2000005c                ds3231_min
 .bss.ds3231_sec
                0x2000005d        0x1 ./Core/Src/ds3231.o
                0x2000005d                ds3231_sec
 .bss.ds3231_date
                0x2000005e        0x1 ./Core/Src/ds3231.o
                0x2000005e                ds3231_date
 .bss.ds3231_day
                0x2000005f        0x1 ./Core/Src/ds3231.o
                0x2000005f                ds3231_day
 .bss.ds3231_month
                0x20000060        0x1 ./Core/Src/ds3231.o
                0x20000060                ds3231_month
 .bss.ds3231_year
                0x20000061        0x1 ./Core/Src/ds3231.o
                0x20000061                ds3231_year
 *fill*         0x20000062        0x2 
 .bss.hsram1    0x20000064       0x50 ./Core/Src/fsmc.o
                0x20000064                hsram1
 .bss.FSMC_Initialized
                0x200000b4        0x4 ./Core/Src/fsmc.o
 .bss.hi2c1     0x200000b8       0x54 ./Core/Src/i2c.o
                0x200000b8                hi2c1
 .bss.lcddev    0x2000010c        0x6 ./Core/Src/lcd.o
                0x2000010c                lcddev
 *fill*         0x20000112        0x2 
 .bss.led7_index
                0x20000114        0x4 ./Core/Src/led_7seg.o
                0x20000114                led7_index
 .bss.current_mode
                0x20000118        0x1 ./Core/Src/main.o
                0x20000118                current_mode
 .bss.adjust_part
                0x20000119        0x1 ./Core/Src/main.o
                0x20000119                adjust_part
 .bss.alarm_hours
                0x2000011a        0x1 ./Core/Src/main.o
                0x2000011a                alarm_hours
 .bss.alarm_minutes
                0x2000011b        0x1 ./Core/Src/main.o
                0x2000011b                alarm_minutes
 .bss.counter_blink
                0x2000011c        0x1 ./Core/Src/main.o
                0x2000011c                counter_blink
 .bss.blink_flag
                0x2000011d        0x1 ./Core/Src/main.o
                0x2000011d                blink_flag
 .bss.flash_counter
                0x2000011e        0x1 ./Core/Src/main.o
                0x2000011e                flash_counter
 *fill*         0x2000011f        0x1 
 .bss.flag_timer2
                0x20000120        0x2 ./Core/Src/software_timer.o
                0x20000120                flag_timer2
 .bss.timer2_counter
                0x20000122        0x2 ./Core/Src/software_timer.o
                0x20000122                timer2_counter
 .bss.timer2_MUL
                0x20000124        0x2 ./Core/Src/software_timer.o
                0x20000124                timer2_MUL
 *fill*         0x20000126        0x2 
 .bss.hspi1     0x20000128       0x58 ./Core/Src/spi.o
                0x20000128                hspi1
 .bss.htim2     0x20000180       0x48 ./Core/Src/tim.o
                0x20000180                htim2
 .bss.uwTick    0x200001c8        0x4 ./Drivers/STM32F4xx_HAL_Driver/Src/stm32f4xx_hal.o
                0x200001c8                uwTick
 *(COMMON)
                0x200001cc                        . = ALIGN (0x4)
                0x200001cc                        _ebss = .
                0x200001cc                        __bss_end__ = _ebss

._user_heap_stack
                0x200001cc      0x604
                0x200001d0                        . = ALIGN (0x8)
 *fill*         0x200001cc        0x4 
                [!provide]                        PROVIDE (end = .)
                0x200001d0                        PROVIDE (_end = .)
                0x200003d0                        . = (. + _Min_Heap_Size)
 *fill*         0x200001d0      0x200 
                0x200007d0                        . = (. + _Min_Stack_Size)
 *fill*         0x200003d0      0x400 
                0x200007d0                        . = ALIGN (0x8)

/DISCARD/
 libc.a(*)
 libm.a(*)
 libgcc.a(*)

.ARM.attributes
                0x00000000       0x30
 *(.ARM.attributes)
 .ARM.attributes
                0x00000000       0x22 D:/STM32CUBEIDE/STM32CubeIDE_1.16.0/STM32CubeIDE/plugins/com.st.stm32cube.ide.mcu.externaltools.gnu-tools-for-stm32.12.3.rel1.win32_1.0.200.202406191623/tools/bin/../lib/gcc/arm-none-eabi/12.3.1/thumb/v7e-m+fp/hard/crti.o
 .ARM.attributes
                0x00000022       0x34 D:/STM32CUBEIDE/STM32CubeIDE_1.16.0/STM32CubeIDE/plugins/com.st.stm32cube.ide.mcu.externaltools.gnu-tools-for-stm32.12.3.rel1.win32_1.0.200.202406191623/tools/bin/../lib/gcc/arm-none-eabi/12.3.1/thumb/v7e-m+fp/hard/crtbegin.o
 .ARM.attributes
                0x00000056       0x34 ./Core/Src/button.o
 .ARM.attributes
                0x0000008a       0x34 ./Core/Src/ds3231.o
 .ARM.attributes
                0x000000be       0x34 ./Core/Src/fsmc.o
 .ARM.attributes
                0x000000f2       0x34 ./Core/Src/gpio.o
 .ARM.attributes
                0x00000126       0x34 ./Core/Src/i2c.o
 .ARM.attributes
                0x0000015a       0x34 ./Core/Src/lcd.o
 .ARM.attributes
                0x0000018e       0x34 ./Core/Src/led_7seg.o
 .ARM.attributes
                0x000001c2       0x34 ./Core/Src/main.o
 .ARM.attributes
                0x000001f6       0x34 ./Core/Src/software_timer.o
 .ARM.attributes
                0x0000022a       0x34 ./Core/Src/spi.o
 .ARM.attributes
                0x0000025e       0x34 ./Core/Src/stm32f4xx_hal_msp.o
 .ARM.attributes
                0x00000292       0x34 ./Core/Src/stm32f4xx_it.o
 .ARM.attributes
                0x000002c6       0x34 ./Core/Src/system_stm32f4xx.o
 .ARM.attributes
                0x000002fa       0x34 ./Core/Src/tim.o
 .ARM.attributes
                0x0000032e       0x34 ./Core/Src/utils.o
 .ARM.attributes
                0x00000362       0x21 ./Core/Startup/startup_stm32f407zetx.o
 .ARM.attributes
                0x00000383       0x34 ./Drivers/STM32F4xx_HAL_Driver/Src/stm32f4xx_hal.o
 .ARM.attributes
                0x000003b7       0x34 ./Drivers/STM32F4xx_HAL_Driver/Src/stm32f4xx_hal_cortex.o
 .ARM.attributes
                0x000003eb       0x34 ./Drivers/STM32F4xx_HAL_Driver/Src/stm32f4xx_hal_gpio.o
 .ARM.attributes
                0x0000041f       0x34 ./Drivers/STM32F4xx_HAL_Driver/Src/stm32f4xx_hal_i2c.o
 .ARM.attributes
                0x00000453       0x34 ./Drivers/STM32F4xx_HAL_Driver/Src/stm32f4xx_hal_rcc.o
 .ARM.attributes
                0x00000487       0x34 ./Drivers/STM32F4xx_HAL_Driver/Src/stm32f4xx_hal_spi.o
 .ARM.attributes
                0x000004bb       0x34 ./Drivers/STM32F4xx_HAL_Driver/Src/stm32f4xx_hal_sram.o
 .ARM.attributes
                0x000004ef       0x34 ./Drivers/STM32F4xx_HAL_Driver/Src/stm32f4xx_hal_tim.o
 .ARM.attributes
                0x00000523       0x34 ./Drivers/STM32F4xx_HAL_Driver/Src/stm32f4xx_hal_tim_ex.o
 .ARM.attributes
                0x00000557       0x34 ./Drivers/STM32F4xx_HAL_Driver/Src/stm32f4xx_ll_fsmc.o
 .ARM.attributes
                0x0000058b       0x34 D:/STM32CUBEIDE/STM32CubeIDE_1.16.0/STM32CubeIDE/plugins/com.st.stm32cube.ide.mcu.externaltools.gnu-tools-for-stm32.12.3.rel1.win32_1.0.200.202406191623/tools/bin/../lib/gcc/arm-none-eabi/12.3.1/../../../../arm-none-eabi/lib/thumb/v7e-m+fp/hard\libc_nano.a(libc_a-memset.o)
 .ARM.attributes
                0x000005bf       0x34 D:/STM32CUBEIDE/STM32CubeIDE_1.16.0/STM32CubeIDE/plugins/com.st.stm32cube.ide.mcu.externaltools.gnu-tools-for-stm32.12.3.rel1.win32_1.0.200.202406191623/tools/bin/../lib/gcc/arm-none-eabi/12.3.1/../../../../arm-none-eabi/lib/thumb/v7e-m+fp/hard\libc_nano.a(libc_a-init.o)
 .ARM.attributes
                0x000005f3       0x22 D:/STM32CUBEIDE/STM32CubeIDE_1.16.0/STM32CubeIDE/plugins/com.st.stm32cube.ide.mcu.externaltools.gnu-tools-for-stm32.12.3.rel1.win32_1.0.200.202406191623/tools/bin/../lib/gcc/arm-none-eabi/12.3.1/thumb/v7e-m+fp/hard\libgcc.a(_aeabi_uldivmod.o)
 .ARM.attributes
                0x00000615       0x34 D:/STM32CUBEIDE/STM32CubeIDE_1.16.0/STM32CubeIDE/plugins/com.st.stm32cube.ide.mcu.externaltools.gnu-tools-for-stm32.12.3.rel1.win32_1.0.200.202406191623/tools/bin/../lib/gcc/arm-none-eabi/12.3.1/thumb/v7e-m+fp/hard\libgcc.a(_udivmoddi4.o)
 .ARM.attributes
                0x00000649       0x22 D:/STM32CUBEIDE/STM32CubeIDE_1.16.0/STM32CubeIDE/plugins/com.st.stm32cube.ide.mcu.externaltools.gnu-tools-for-stm32.12.3.rel1.win32_1.0.200.202406191623/tools/bin/../lib/gcc/arm-none-eabi/12.3.1/thumb/v7e-m+fp/hard\libgcc.a(_dvmd_tls.o)
 .ARM.attributes
                0x0000066b       0x22 D:/STM32CUBEIDE/STM32CubeIDE_1.16.0/STM32CubeIDE/plugins/com.st.stm32cube.ide.mcu.externaltools.gnu-tools-for-stm32.12.3.rel1.win32_1.0.200.202406191623/tools/bin/../lib/gcc/arm-none-eabi/12.3.1/thumb/v7e-m+fp/hard/crtn.o
OUTPUT(Bai4_I2C_Realtimeclock.elf elf32-littlearm)
LOAD linker stubs
LOAD D:/STM32CUBEIDE/STM32CubeIDE_1.16.0/STM32CubeIDE/plugins/com.st.stm32cube.ide.mcu.externaltools.gnu-tools-for-stm32.12.3.rel1.win32_1.0.200.202406191623/tools/bin/../lib/gcc/arm-none-eabi/12.3.1/../../../../arm-none-eabi/lib/thumb/v7e-m+fp/hard\libc.a
LOAD D:/STM32CUBEIDE/STM32CubeIDE_1.16.0/STM32CubeIDE/plugins/com.st.stm32cube.ide.mcu.externaltools.gnu-tools-for-stm32.12.3.rel1.win32_1.0.200.202406191623/tools/bin/../lib/gcc/arm-none-eabi/12.3.1/../../../../arm-none-eabi/lib/thumb/v7e-m+fp/hard\libm.a
LOAD D:/STM32CUBEIDE/STM32CubeIDE_1.16.0/STM32CubeIDE/plugins/com.st.stm32cube.ide.mcu.externaltools.gnu-tools-for-stm32.12.3.rel1.win32_1.0.200.202406191623/tools/bin/../lib/gcc/arm-none-eabi/12.3.1/thumb/v7e-m+fp/hard\libgcc.a

.debug_info     0x00000000    0x1241b
 .debug_info    0x00000000      0x76e ./Core/Src/button.o
 .debug_info    0x0000076e      0x7d5 ./Core/Src/ds3231.o
 .debug_info    0x00000f43      0x99a ./Core/Src/fsmc.o
 .debug_info    0x000018dd      0x45d ./Core/Src/gpio.o
 .debug_info    0x00001d3a      0x968 ./Core/Src/i2c.o
 .debug_info    0x000026a2      0xe15 ./Core/Src/lcd.o
 .debug_info    0x000034b7      0x803 ./Core/Src/led_7seg.o
 .debug_info    0x00003cba      0x8e1 ./Core/Src/main.o
 .debug_info    0x0000459b      0x744 ./Core/Src/software_timer.o
 .debug_info    0x00004cdf      0x943 ./Core/Src/spi.o
 .debug_info    0x00005622      0x269 ./Core/Src/stm32f4xx_hal_msp.o
 .debug_info    0x0000588b      0x6e1 ./Core/Src/stm32f4xx_it.o
 .debug_info    0x00005f6c      0x512 ./Core/Src/system_stm32f4xx.o
 .debug_info    0x0000647e      0xbf9 ./Core/Src/tim.o
 .debug_info    0x00007077       0xd5 ./Core/Src/utils.o
 .debug_info    0x0000714c       0x30 ./Core/Startup/startup_stm32f407zetx.o
 .debug_info    0x0000717c      0x948 ./Drivers/STM32F4xx_HAL_Driver/Src/stm32f4xx_hal.o
 .debug_info    0x00007ac4      0xd46 ./Drivers/STM32F4xx_HAL_Driver/Src/stm32f4xx_hal_cortex.o
 .debug_info    0x0000880a      0x6c3 ./Drivers/STM32F4xx_HAL_Driver/Src/stm32f4xx_hal_gpio.o
 .debug_info    0x00008ecd     0x23e1 ./Drivers/STM32F4xx_HAL_Driver/Src/stm32f4xx_hal_i2c.o
 .debug_info    0x0000b2ae      0x8b1 ./Drivers/STM32F4xx_HAL_Driver/Src/stm32f4xx_hal_rcc.o
 .debug_info    0x0000bb5f     0x15fb ./Drivers/STM32F4xx_HAL_Driver/Src/stm32f4xx_hal_spi.o
 .debug_info    0x0000d15a      0xb3e ./Drivers/STM32F4xx_HAL_Driver/Src/stm32f4xx_hal_sram.o
 .debug_info    0x0000dc98     0x2949 ./Drivers/STM32F4xx_HAL_Driver/Src/stm32f4xx_hal_tim.o
 .debug_info    0x000105e1     0x14ae ./Drivers/STM32F4xx_HAL_Driver/Src/stm32f4xx_hal_tim_ex.o
 .debug_info    0x00011a8f      0x98c ./Drivers/STM32F4xx_HAL_Driver/Src/stm32f4xx_ll_fsmc.o

.debug_abbrev   0x00000000     0x3285
 .debug_abbrev  0x00000000      0x1dd ./Core/Src/button.o
 .debug_abbrev  0x000001dd      0x1cf ./Core/Src/ds3231.o
 .debug_abbrev  0x000003ac      0x215 ./Core/Src/fsmc.o
 .debug_abbrev  0x000005c1      0x152 ./Core/Src/gpio.o
 .debug_abbrev  0x00000713      0x1f1 ./Core/Src/i2c.o
 .debug_abbrev  0x00000904      0x32a ./Core/Src/lcd.o
 .debug_abbrev  0x00000c2e      0x1cc ./Core/Src/led_7seg.o
 .debug_abbrev  0x00000dfa      0x2e6 ./Core/Src/main.o
 .debug_abbrev  0x000010e0      0x202 ./Core/Src/software_timer.o
 .debug_abbrev  0x000012e2      0x1f3 ./Core/Src/spi.o
 .debug_abbrev  0x000014d5       0xd8 ./Core/Src/stm32f4xx_hal_msp.o
 .debug_abbrev  0x000015ad      0x192 ./Core/Src/stm32f4xx_it.o
 .debug_abbrev  0x0000173f      0x11a ./Core/Src/system_stm32f4xx.o
 .debug_abbrev  0x00001859      0x1f0 ./Core/Src/tim.o
 .debug_abbrev  0x00001a49       0x86 ./Core/Src/utils.o
 .debug_abbrev  0x00001acf       0x24 ./Core/Startup/startup_stm32f407zetx.o
 .debug_abbrev  0x00001af3      0x213 ./Drivers/STM32F4xx_HAL_Driver/Src/stm32f4xx_hal.o
 .debug_abbrev  0x00001d06      0x327 ./Drivers/STM32F4xx_HAL_Driver/Src/stm32f4xx_hal_cortex.o
 .debug_abbrev  0x0000202d      0x1d4 ./Drivers/STM32F4xx_HAL_Driver/Src/stm32f4xx_hal_gpio.o
 .debug_abbrev  0x00002201      0x2ad ./Drivers/STM32F4xx_HAL_Driver/Src/stm32f4xx_hal_i2c.o
 .debug_abbrev  0x000024ae      0x2b6 ./Drivers/STM32F4xx_HAL_Driver/Src/stm32f4xx_hal_rcc.o
 .debug_abbrev  0x00002764      0x284 ./Drivers/STM32F4xx_HAL_Driver/Src/stm32f4xx_hal_spi.o
 .debug_abbrev  0x000029e8      0x208 ./Drivers/STM32F4xx_HAL_Driver/Src/stm32f4xx_hal_sram.o
 .debug_abbrev  0x00002bf0      0x271 ./Drivers/STM32F4xx_HAL_Driver/Src/stm32f4xx_hal_tim.o
 .debug_abbrev  0x00002e61      0x27c ./Drivers/STM32F4xx_HAL_Driver/Src/stm32f4xx_hal_tim_ex.o
 .debug_abbrev  0x000030dd      0x1a8 ./Drivers/STM32F4xx_HAL_Driver/Src/stm32f4xx_ll_fsmc.o

.debug_aranges  0x00000000     0x1208
 .debug_aranges
                0x00000000       0x28 ./Core/Src/button.o
 .debug_aranges
                0x00000028       0x30 ./Core/Src/ds3231.o
 .debug_aranges
                0x00000058       0x40 ./Core/Src/fsmc.o
 .debug_aranges
                0x00000098       0x20 ./Core/Src/gpio.o
 .debug_aranges
                0x000000b8       0x30 ./Core/Src/i2c.o
 .debug_aranges
                0x000000e8       0xe8 ./Core/Src/lcd.o
 .debug_aranges
                0x000001d0       0x48 ./Core/Src/led_7seg.o
 .debug_aranges
                0x00000218       0x88 ./Core/Src/main.o
 .debug_aranges
                0x000002a0       0x30 ./Core/Src/software_timer.o
 .debug_aranges
                0x000002d0       0x30 ./Core/Src/spi.o
 .debug_aranges
                0x00000300       0x20 ./Core/Src/stm32f4xx_hal_msp.o
 .debug_aranges
                0x00000320       0x68 ./Core/Src/stm32f4xx_it.o
 .debug_aranges
                0x00000388       0x28 ./Core/Src/system_stm32f4xx.o
 .debug_aranges
                0x000003b0       0x30 ./Core/Src/tim.o
 .debug_aranges
                0x000003e0       0x28 ./Core/Src/utils.o
 .debug_aranges
                0x00000408       0x28 ./Core/Startup/startup_stm32f407zetx.o
 .debug_aranges
                0x00000430       0xf0 ./Drivers/STM32F4xx_HAL_Driver/Src/stm32f4xx_hal.o
 .debug_aranges
                0x00000520      0x118 ./Drivers/STM32F4xx_HAL_Driver/Src/stm32f4xx_hal_cortex.o
 .debug_aranges
                0x00000638       0x58 ./Drivers/STM32F4xx_HAL_Driver/Src/stm32f4xx_hal_gpio.o
 .debug_aranges
                0x00000690      0x2a0 ./Drivers/STM32F4xx_HAL_Driver/Src/stm32f4xx_hal_i2c.o
 .debug_aranges
                0x00000930       0x88 ./Drivers/STM32F4xx_HAL_Driver/Src/stm32f4xx_hal_rcc.o
 .debug_aranges
                0x000009b8      0x1d0 ./Drivers/STM32F4xx_HAL_Driver/Src/stm32f4xx_hal_spi.o
 .debug_aranges
                0x00000b88       0xa0 ./Drivers/STM32F4xx_HAL_Driver/Src/stm32f4xx_hal_sram.o
 .debug_aranges
                0x00000c28      0x3d0 ./Drivers/STM32F4xx_HAL_Driver/Src/stm32f4xx_hal_tim.o
 .debug_aranges
                0x00000ff8      0x168 ./Drivers/STM32F4xx_HAL_Driver/Src/stm32f4xx_hal_tim_ex.o
 .debug_aranges
                0x00001160       0xa8 ./Drivers/STM32F4xx_HAL_Driver/Src/stm32f4xx_ll_fsmc.o

.debug_rnglists
                0x00000000      0xdf3
 .debug_rnglists
                0x00000000       0x1a ./Core/Src/button.o
 .debug_rnglists
                0x0000001a       0x21 ./Core/Src/ds3231.o
 .debug_rnglists
                0x0000003b       0x2d ./Core/Src/fsmc.o
 .debug_rnglists
                0x00000068       0x14 ./Core/Src/gpio.o
 .debug_rnglists
                0x0000007c       0x20 ./Core/Src/i2c.o
 .debug_rnglists
                0x0000009c       0xb5 ./Core/Src/lcd.o
 .debug_rnglists
                0x00000151       0x32 ./Core/Src/led_7seg.o
 .debug_rnglists
                0x00000183       0x67 ./Core/Src/main.o
 .debug_rnglists
                0x000001ea       0x1f ./Core/Src/software_timer.o
 .debug_rnglists
                0x00000209       0x20 ./Core/Src/spi.o
 .debug_rnglists
                0x00000229       0x13 ./Core/Src/stm32f4xx_hal_msp.o
 .debug_rnglists
                0x0000023c       0x49 ./Core/Src/stm32f4xx_it.o
 .debug_rnglists
                0x00000285       0x1a ./Core/Src/system_stm32f4xx.o
 .debug_rnglists
                0x0000029f       0x20 ./Core/Src/tim.o
 .debug_rnglists
                0x000002bf       0x19 ./Core/Src/utils.o
 .debug_rnglists
                0x000002d8       0x19 ./Core/Startup/startup_stm32f407zetx.o
 .debug_rnglists
                0x000002f1       0xaf ./Drivers/STM32F4xx_HAL_Driver/Src/stm32f4xx_hal.o
 .debug_rnglists
                0x000003a0       0xce ./Drivers/STM32F4xx_HAL_Driver/Src/stm32f4xx_hal_cortex.o
 .debug_rnglists
                0x0000046e       0x3f ./Drivers/STM32F4xx_HAL_Driver/Src/stm32f4xx_hal_gpio.o
 .debug_rnglists
                0x000004ad      0x23f ./Drivers/STM32F4xx_HAL_Driver/Src/stm32f4xx_hal_i2c.o
 .debug_rnglists
                0x000006ec       0x66 ./Drivers/STM32F4xx_HAL_Driver/Src/stm32f4xx_hal_rcc.o
 .debug_rnglists
                0x00000752      0x16f ./Drivers/STM32F4xx_HAL_Driver/Src/stm32f4xx_hal_spi.o
 .debug_rnglists
                0x000008c1       0x76 ./Drivers/STM32F4xx_HAL_Driver/Src/stm32f4xx_hal_sram.o
 .debug_rnglists
                0x00000937      0x31a ./Drivers/STM32F4xx_HAL_Driver/Src/stm32f4xx_hal_tim.o
 .debug_rnglists
                0x00000c51      0x125 ./Drivers/STM32F4xx_HAL_Driver/Src/stm32f4xx_hal_tim_ex.o
 .debug_rnglists
                0x00000d76       0x7d ./Drivers/STM32F4xx_HAL_Driver/Src/stm32f4xx_ll_fsmc.o

.debug_macro    0x00000000    0x231c9
 .debug_macro   0x00000000      0x230 ./Core/Src/button.o
 .debug_macro   0x00000230      0xab4 ./Core/Src/button.o
 .debug_macro   0x00000ce4      0x2a7 ./Core/Src/button.o
 .debug_macro   0x00000f8b       0x2e ./Core/Src/button.o
 .debug_macro   0x00000fb9       0x2f ./Core/Src/button.o
 .debug_macro   0x00000fe8       0x22 ./Core/Src/button.o
 .debug_macro   0x0000100a       0x8e ./Core/Src/button.o
 .debug_macro   0x00001098       0x51 ./Core/Src/button.o
 .debug_macro   0x000010e9      0x103 ./Core/Src/button.o
 .debug_macro   0x000011ec       0x6a ./Core/Src/button.o
 .debug_macro   0x00001256      0x1df ./Core/Src/button.o
 .debug_macro   0x00001435       0x1c ./Core/Src/button.o
 .debug_macro   0x00001451       0x22 ./Core/Src/button.o
 .debug_macro   0x00001473       0xd9 ./Core/Src/button.o
 .debug_macro   0x0000154c     0x102d ./Core/Src/button.o
 .debug_macro   0x00002579      0x11f ./Core/Src/button.o
 .debug_macro   0x00002698    0x15e58 ./Core/Src/button.o
 .debug_macro   0x000184f0       0x6d ./Core/Src/button.o
 .debug_macro   0x0001855d     0x3666 ./Core/Src/button.o
 .debug_macro   0x0001bbc3      0x189 ./Core/Src/button.o
 .debug_macro   0x0001bd4c       0x5c ./Core/Src/button.o
 .debug_macro   0x0001bda8      0x96b ./Core/Src/button.o
 .debug_macro   0x0001c713      0x9fe ./Core/Src/button.o
 .debug_macro   0x0001d111      0x116 ./Core/Src/button.o
 .debug_macro   0x0001d227      0x13e ./Core/Src/button.o
 .debug_macro   0x0001d365       0xa5 ./Core/Src/button.o
 .debug_macro   0x0001d40a      0x174 ./Core/Src/button.o
 .debug_macro   0x0001d57e      0x287 ./Core/Src/button.o
 .debug_macro   0x0001d805       0x5f ./Core/Src/button.o
 .debug_macro   0x0001d864      0x236 ./Core/Src/button.o
 .debug_macro   0x0001da9a      0x12c ./Core/Src/button.o
 .debug_macro   0x0001dbc6      0x21e ./Core/Src/button.o
 .debug_macro   0x0001dde4       0x2e ./Core/Src/button.o
 .debug_macro   0x0001de12      0x543 ./Core/Src/button.o
 .debug_macro   0x0001e355      0x1b5 ./Core/Src/button.o
 .debug_macro   0x0001e50a       0xd6 ./Core/Src/button.o
 .debug_macro   0x0001e5e0      0x11a ./Core/Src/button.o
 .debug_macro   0x0001e6fa       0x7e ./Core/Src/button.o
 .debug_macro   0x0001e778       0x89 ./Core/Src/button.o
 .debug_macro   0x0001e801      0x225 ./Core/Src/button.o
 .debug_macro   0x0001ea26      0x8d1 ./Core/Src/button.o
 .debug_macro   0x0001f2f7       0x47 ./Core/Src/button.o
 .debug_macro   0x0001f33e      0x12d ./Core/Src/button.o
 .debug_macro   0x0001f46b       0x88 ./Core/Src/button.o
 .debug_macro   0x0001f4f3      0x23b ./Core/Src/ds3231.o
 .debug_macro   0x0001f72e       0x2e ./Core/Src/ds3231.o
 .debug_macro   0x0001f75c      0x21c ./Core/Src/fsmc.o
 .debug_macro   0x0001f978      0x21c ./Core/Src/gpio.o
 .debug_macro   0x0001fb94      0x21c ./Core/Src/i2c.o
 .debug_macro   0x0001fdb0      0x331 ./Core/Src/lcd.o
 .debug_macro   0x000200e1       0x2a ./Core/Src/lcd.o
 .debug_macro   0x0002010b       0x61 ./Core/Src/lcd.o
 .debug_macro   0x0002016c       0x43 ./Core/Src/lcd.o
 .debug_macro   0x000201af       0x34 ./Core/Src/lcd.o
 .debug_macro   0x000201e3       0x16 ./Core/Src/lcd.o
 .debug_macro   0x000201f9       0x35 ./Core/Src/lcd.o
 .debug_macro   0x0002022e       0x16 ./Core/Src/lcd.o
 .debug_macro   0x00020244       0x43 ./Core/Src/lcd.o
 .debug_macro   0x00020287       0x34 ./Core/Src/lcd.o
 .debug_macro   0x000202bb       0x10 ./Core/Src/lcd.o
 .debug_macro   0x000202cb       0x58 ./Core/Src/lcd.o
 .debug_macro   0x00020323       0x8e ./Core/Src/lcd.o
 .debug_macro   0x000203b1       0x1c ./Core/Src/lcd.o
 .debug_macro   0x000203cd      0x177 ./Core/Src/lcd.o
 .debug_macro   0x00020544      0x369 ./Core/Src/lcd.o
 .debug_macro   0x000208ad       0x16 ./Core/Src/lcd.o
 .debug_macro   0x000208c3       0x29 ./Core/Src/lcd.o
 .debug_macro   0x000208ec       0x16 ./Core/Src/lcd.o
 .debug_macro   0x00020902       0x20 ./Core/Src/lcd.o
 .debug_macro   0x00020922       0xca ./Core/Src/lcd.o
 .debug_macro   0x000209ec      0x226 ./Core/Src/led_7seg.o
 .debug_macro   0x00020c12      0x3b6 ./Core/Src/main.o
 .debug_macro   0x00020fc8      0x22c ./Core/Src/software_timer.o
 .debug_macro   0x000211f4      0x21c ./Core/Src/spi.o
 .debug_macro   0x00021410      0x212 ./Core/Src/stm32f4xx_hal_msp.o
 .debug_macro   0x00021622      0x21c ./Core/Src/stm32f4xx_it.o
 .debug_macro   0x0002183e      0x203 ./Core/Src/system_stm32f4xx.o
 .debug_macro   0x00021a41      0x21c ./Core/Src/tim.o
 .debug_macro   0x00021c5d       0x6d ./Core/Src/utils.o
 .debug_macro   0x00021cca      0x263 ./Drivers/STM32F4xx_HAL_Driver/Src/stm32f4xx_hal.o
 .debug_macro   0x00021f2d      0x203 ./Drivers/STM32F4xx_HAL_Driver/Src/stm32f4xx_hal_cortex.o
 .debug_macro   0x00022130      0x209 ./Drivers/STM32F4xx_HAL_Driver/Src/stm32f4xx_hal_gpio.o
 .debug_macro   0x00022339      0x24a ./Drivers/STM32F4xx_HAL_Driver/Src/stm32f4xx_hal_i2c.o
 .debug_macro   0x00022583      0x227 ./Drivers/STM32F4xx_HAL_Driver/Src/stm32f4xx_hal_rcc.o
 .debug_macro   0x000227aa      0x212 ./Drivers/STM32F4xx_HAL_Driver/Src/stm32f4xx_hal_spi.o
 .debug_macro   0x000229bc      0x203 ./Drivers/STM32F4xx_HAL_Driver/Src/stm32f4xx_hal_sram.o
 .debug_macro   0x00022bbf      0x204 ./Drivers/STM32F4xx_HAL_Driver/Src/stm32f4xx_hal_tim.o
 .debug_macro   0x00022dc3      0x203 ./Drivers/STM32F4xx_HAL_Driver/Src/stm32f4xx_hal_tim_ex.o
 .debug_macro   0x00022fc6      0x203 ./Drivers/STM32F4xx_HAL_Driver/Src/stm32f4xx_ll_fsmc.o

.debug_line     0x00000000    0x17c35
 .debug_line    0x00000000      0x831 ./Core/Src/button.o
 .debug_line    0x00000831      0x849 ./Core/Src/ds3231.o
 .debug_line    0x0000107a      0x8a6 ./Core/Src/fsmc.o
 .debug_line    0x00001920      0x804 ./Core/Src/gpio.o
 .debug_line    0x00002124      0x80f ./Core/Src/i2c.o
 .debug_line    0x00002933     0x11ca ./Core/Src/lcd.o
 .debug_line    0x00003afd      0x89e ./Core/Src/led_7seg.o
 .debug_line    0x0000439b      0xe33 ./Core/Src/main.o
 .debug_line    0x000051ce      0x80d ./Core/Src/software_timer.o
 .debug_line    0x000059db      0x817 ./Core/Src/spi.o
 .debug_line    0x000061f2      0x7a6 ./Core/Src/stm32f4xx_hal_msp.o
 .debug_line    0x00006998      0x880 ./Core/Src/stm32f4xx_it.o
 .debug_line    0x00007218      0x82a ./Core/Src/system_stm32f4xx.o
 .debug_line    0x00007a42      0x813 ./Core/Src/tim.o
 .debug_line    0x00008255      0x442 ./Core/Src/utils.o
 .debug_line    0x00008697       0x7a ./Core/Startup/startup_stm32f407zetx.o
 .debug_line    0x00008711      0xa93 ./Drivers/STM32F4xx_HAL_Driver/Src/stm32f4xx_hal.o
 .debug_line    0x000091a4      0xd40 ./Drivers/STM32F4xx_HAL_Driver/Src/stm32f4xx_hal_cortex.o
 .debug_line    0x00009ee4      0xc21 ./Drivers/STM32F4xx_HAL_Driver/Src/stm32f4xx_hal_gpio.o
 .debug_line    0x0000ab05     0x3b30 ./Drivers/STM32F4xx_HAL_Driver/Src/stm32f4xx_hal_i2c.o
 .debug_line    0x0000e635      0xe06 ./Drivers/STM32F4xx_HAL_Driver/Src/stm32f4xx_hal_rcc.o
 .debug_line    0x0000f43b     0x1d46 ./Drivers/STM32F4xx_HAL_Driver/Src/stm32f4xx_hal_spi.o
 .debug_line    0x00011181      0xc2f ./Drivers/STM32F4xx_HAL_Driver/Src/stm32f4xx_hal_sram.o
 .debug_line    0x00011db0     0x37a3 ./Drivers/STM32F4xx_HAL_Driver/Src/stm32f4xx_hal_tim.o
 .debug_line    0x00015553     0x1a8a ./Drivers/STM32F4xx_HAL_Driver/Src/stm32f4xx_hal_tim_ex.o
 .debug_line    0x00016fdd      0xc58 ./Drivers/STM32F4xx_HAL_Driver/Src/stm32f4xx_ll_fsmc.o

.debug_str      0x00000000    0xcf8f3
 .debug_str     0x00000000    0xc789b ./Core/Src/button.o
                              0xc7ba8 (size before relaxing)
 .debug_str     0x000c789b      0x400 ./Core/Src/ds3231.o
                              0xc7d06 (size before relaxing)
 .debug_str     0x000c7c9b      0x3ef ./Core/Src/fsmc.o
                              0xc7d6d (size before relaxing)
 .debug_str     0x000c808a       0x20 ./Core/Src/gpio.o
                              0xc781b (size before relaxing)
 .debug_str     0x000c80aa       0x58 ./Core/Src/i2c.o
                              0xc7d4a (size before relaxing)
 .debug_str     0x000c8102     0x36f3 ./Core/Src/lcd.o
                              0xcadea (size before relaxing)
 .debug_str     0x000cb7f5       0xa9 ./Core/Src/led_7seg.o
                              0xc7be5 (size before relaxing)
 .debug_str     0x000cb89e      0x336 ./Core/Src/main.o
                              0xcb169 (size before relaxing)
 .debug_str     0x000cbbd4      0x2ea ./Core/Src/software_timer.o
                              0xc7c6a (size before relaxing)
 .debug_str     0x000cbebe       0x4b ./Core/Src/spi.o
                              0xc7ca7 (size before relaxing)
 .debug_str     0x000cbf09       0x2c ./Core/Src/stm32f4xx_hal_msp.o
                              0xc7750 (size before relaxing)
 .debug_str     0x000cbf35       0xec ./Core/Src/stm32f4xx_it.o
                              0xc7c34 (size before relaxing)
 .debug_str     0x000cc021       0xdb ./Core/Src/system_stm32f4xx.o
                              0xc75de (size before relaxing)
 .debug_str     0x000cc0fc      0x653 ./Core/Src/tim.o
                              0xc8325 (size before relaxing)
 .debug_str     0x000cc74f       0x14 ./Core/Src/utils.o
                               0x3d65 (size before relaxing)
 .debug_str     0x000cc763       0x44 ./Core/Startup/startup_stm32f407zetx.o
                                 0xa1 (size before relaxing)
 .debug_str     0x000cc7a7      0x603 ./Drivers/STM32F4xx_HAL_Driver/Src/stm32f4xx_hal.o
                              0xc8162 (size before relaxing)
 .debug_str     0x000ccdaa      0x32d ./Drivers/STM32F4xx_HAL_Driver/Src/stm32f4xx_hal_cortex.o
                              0xc7e95 (size before relaxing)
 .debug_str     0x000cd0d7      0x109 ./Drivers/STM32F4xx_HAL_Driver/Src/stm32f4xx_hal_gpio.o
                              0xc7759 (size before relaxing)
 .debug_str     0x000cd1e0      0xad6 ./Drivers/STM32F4xx_HAL_Driver/Src/stm32f4xx_hal_i2c.o
                              0xc85a9 (size before relaxing)
 .debug_str     0x000cdcb6      0x213 ./Drivers/STM32F4xx_HAL_Driver/Src/stm32f4xx_hal_rcc.o
                              0xc7a12 (size before relaxing)
 .debug_str     0x000cdec9      0x544 ./Drivers/STM32F4xx_HAL_Driver/Src/stm32f4xx_hal_spi.o
                              0xc7ea2 (size before relaxing)
 .debug_str     0x000ce40d      0x1a6 ./Drivers/STM32F4xx_HAL_Driver/Src/stm32f4xx_hal_sram.o
                              0xc7b85 (size before relaxing)
 .debug_str     0x000ce5b3      0xda8 ./Drivers/STM32F4xx_HAL_Driver/Src/stm32f4xx_hal_tim.o
                              0xc8958 (size before relaxing)
 .debug_str     0x000cf35b      0x493 ./Drivers/STM32F4xx_HAL_Driver/Src/stm32f4xx_hal_tim_ex.o
                              0xc8174 (size before relaxing)
 .debug_str     0x000cf7ee      0x105 ./Drivers/STM32F4xx_HAL_Driver/Src/stm32f4xx_ll_fsmc.o
                              0xc798d (size before relaxing)

.comment        0x00000000       0x43
 .comment       0x00000000       0x43 ./Core/Src/button.o
                                 0x44 (size before relaxing)
 .comment       0x00000043       0x44 ./Core/Src/ds3231.o
 .comment       0x00000043       0x44 ./Core/Src/fsmc.o
 .comment       0x00000043       0x44 ./Core/Src/gpio.o
 .comment       0x00000043       0x44 ./Core/Src/i2c.o
 .comment       0x00000043       0x44 ./Core/Src/lcd.o
 .comment       0x00000043       0x44 ./Core/Src/led_7seg.o
 .comment       0x00000043       0x44 ./Core/Src/main.o
 .comment       0x00000043       0x44 ./Core/Src/software_timer.o
 .comment       0x00000043       0x44 ./Core/Src/spi.o
 .comment       0x00000043       0x44 ./Core/Src/stm32f4xx_hal_msp.o
 .comment       0x00000043       0x44 ./Core/Src/stm32f4xx_it.o
 .comment       0x00000043       0x44 ./Core/Src/system_stm32f4xx.o
 .comment       0x00000043       0x44 ./Core/Src/tim.o
 .comment       0x00000043       0x44 ./Core/Src/utils.o
 .comment       0x00000043       0x44 ./Drivers/STM32F4xx_HAL_Driver/Src/stm32f4xx_hal.o
 .comment       0x00000043       0x44 ./Drivers/STM32F4xx_HAL_Driver/Src/stm32f4xx_hal_cortex.o
 .comment       0x00000043       0x44 ./Drivers/STM32F4xx_HAL_Driver/Src/stm32f4xx_hal_gpio.o
 .comment       0x00000043       0x44 ./Drivers/STM32F4xx_HAL_Driver/Src/stm32f4xx_hal_i2c.o
 .comment       0x00000043       0x44 ./Drivers/STM32F4xx_HAL_Driver/Src/stm32f4xx_hal_rcc.o
 .comment       0x00000043       0x44 ./Drivers/STM32F4xx_HAL_Driver/Src/stm32f4xx_hal_spi.o
 .comment       0x00000043       0x44 ./Drivers/STM32F4xx_HAL_Driver/Src/stm32f4xx_hal_sram.o
 .comment       0x00000043       0x44 ./Drivers/STM32F4xx_HAL_Driver/Src/stm32f4xx_hal_tim.o
 .comment       0x00000043       0x44 ./Drivers/STM32F4xx_HAL_Driver/Src/stm32f4xx_hal_tim_ex.o
 .comment       0x00000043       0x44 ./Drivers/STM32F4xx_HAL_Driver/Src/stm32f4xx_ll_fsmc.o

.debug_frame    0x00000000     0x4a24
 .debug_frame   0x00000000       0x50 ./Core/Src/button.o
 .debug_frame   0x00000050       0x74 ./Core/Src/ds3231.o
 .debug_frame   0x000000c4       0xbc ./Core/Src/fsmc.o
 .debug_frame   0x00000180       0x34 ./Core/Src/gpio.o
 .debug_frame   0x000001b4       0x74 ./Core/Src/i2c.o
 .debug_frame   0x00000228      0x3e0 ./Core/Src/lcd.o
 .debug_frame   0x00000608       0xe8 ./Core/Src/led_7seg.o
 .debug_frame   0x000006f0      0x1cc ./Core/Src/main.o
 .debug_frame   0x000008bc       0x78 ./Core/Src/software_timer.o
 .debug_frame   0x00000934       0x74 ./Core/Src/spi.o
 .debug_frame   0x000009a8       0x38 ./Core/Src/stm32f4xx_hal_msp.o
 .debug_frame   0x000009e0      0x120 ./Core/Src/stm32f4xx_it.o
 .debug_frame   0x00000b00       0x58 ./Core/Src/system_stm32f4xx.o
 .debug_frame   0x00000b58       0x7c ./Core/Src/tim.o
 .debug_frame   0x00000bd4       0x60 ./Core/Src/utils.o
 .debug_frame   0x00000c34      0x374 ./Drivers/STM32F4xx_HAL_Driver/Src/stm32f4xx_hal.o
 .debug_frame   0x00000fa8      0x498 ./Drivers/STM32F4xx_HAL_Driver/Src/stm32f4xx_hal_cortex.o
 .debug_frame   0x00001440      0x14c ./Drivers/STM32F4xx_HAL_Driver/Src/stm32f4xx_hal_gpio.o
 .debug_frame   0x0000158c      0xc5c ./Drivers/STM32F4xx_HAL_Driver/Src/stm32f4xx_hal_i2c.o
 .debug_frame   0x000021e8      0x1f4 ./Drivers/STM32F4xx_HAL_Driver/Src/stm32f4xx_hal_rcc.o
 .debug_frame   0x000023dc      0x824 ./Drivers/STM32F4xx_HAL_Driver/Src/stm32f4xx_hal_spi.o
 .debug_frame   0x00002c00      0x2a0 ./Drivers/STM32F4xx_HAL_Driver/Src/stm32f4xx_hal_sram.o
 .debug_frame   0x00002ea0     0x11c4 ./Drivers/STM32F4xx_HAL_Driver/Src/stm32f4xx_hal_tim.o
 .debug_frame   0x00004064      0x638 ./Drivers/STM32F4xx_HAL_Driver/Src/stm32f4xx_hal_tim_ex.o
 .debug_frame   0x0000469c      0x2dc ./Drivers/STM32F4xx_HAL_Driver/Src/stm32f4xx_ll_fsmc.o
 .debug_frame   0x00004978       0x20 D:/STM32CUBEIDE/STM32CubeIDE_1.16.0/STM32CubeIDE/plugins/com.st.stm32cube.ide.mcu.externaltools.gnu-tools-for-stm32.12.3.rel1.win32_1.0.200.202406191623/tools/bin/../lib/gcc/arm-none-eabi/12.3.1/../../../../arm-none-eabi/lib/thumb/v7e-m+fp/hard\libc_nano.a(libc_a-memset.o)
 .debug_frame   0x00004998       0x2c D:/STM32CUBEIDE/STM32CubeIDE_1.16.0/STM32CubeIDE/plugins/com.st.stm32cube.ide.mcu.externaltools.gnu-tools-for-stm32.12.3.rel1.win32_1.0.200.202406191623/tools/bin/../lib/gcc/arm-none-eabi/12.3.1/../../../../arm-none-eabi/lib/thumb/v7e-m+fp/hard\libc_nano.a(libc_a-init.o)
 .debug_frame   0x000049c4       0x2c D:/STM32CUBEIDE/STM32CubeIDE_1.16.0/STM32CubeIDE/plugins/com.st.stm32cube.ide.mcu.externaltools.gnu-tools-for-stm32.12.3.rel1.win32_1.0.200.202406191623/tools/bin/../lib/gcc/arm-none-eabi/12.3.1/thumb/v7e-m+fp/hard\libgcc.a(_aeabi_uldivmod.o)
 .debug_frame   0x000049f0       0x34 D:/STM32CUBEIDE/STM32CubeIDE_1.16.0/STM32CubeIDE/plugins/com.st.stm32cube.ide.mcu.externaltools.gnu-tools-for-stm32.12.3.rel1.win32_1.0.200.202406191623/tools/bin/../lib/gcc/arm-none-eabi/12.3.1/thumb/v7e-m+fp/hard\libgcc.a(_udivmoddi4.o)

.debug_line_str
                0x00000000       0x85
 .debug_line_str
                0x00000000       0x85 ./Core/Startup/startup_stm32f407zetx.o
