../Core/Src/main.c:89:5:main	8	static
../Core/Src/main.c:169:6:SystemClock_Config	88	static
../Core/Src/main.c:210:6:system_init	8	static
../Core/Src/main.c:222:6:test_LedDebug	8	static
../Core/Src/main.c:229:6:test_7seg	8	static
../Core/Src/main.c:235:6:test_button	16	static
../Core/Src/main.c:244:6:updateTime	8	static
../Core/Src/main.c:254:9:isButtonUp	4	static
../Core/Src/main.c:261:9:isButtonDown	4	static
../Core/Src/main.c:268:6:displayTime	24	static
../Core/Src/main.c:279:6:adjustTime	24	static
../Core/Src/main.c:344:6:setAlarm	24	static
../Core/Src/main.c:370:6:checkAlarm	16	static
../Core/Src/main.c:422:6:Error_Handler	4	static,ignoring_inline_asm
